Component: ARM Compiler 5.06 update 6 (build 750) Tool: armlink [4d35ed]

==============================================================================

Section Cross References

    startup_stm32f103xb.o(RESET) refers to startup_stm32f103xb.o(STACK) for __initial_sp
    startup_stm32f103xb.o(RESET) refers to startup_stm32f103xb.o(.text) for Reset_Handler
    startup_stm32f103xb.o(RESET) refers to stm32f1xx_it.o(i.NMI_Handler) for NMI_Handler
    startup_stm32f103xb.o(RESET) refers to stm32f1xx_it.o(i.HardFault_Handler) for HardFault_Handler
    startup_stm32f103xb.o(RESET) refers to stm32f1xx_it.o(i.MemManage_Handler) for MemManage_Handler
    startup_stm32f103xb.o(RESET) refers to stm32f1xx_it.o(i.BusFault_Handler) for BusFault_Handler
    startup_stm32f103xb.o(RESET) refers to stm32f1xx_it.o(i.UsageFault_Handler) for UsageFault_Handler
    startup_stm32f103xb.o(RESET) refers to stm32f1xx_it.o(i.SVC_Handler) for SVC_Handler
    startup_stm32f103xb.o(RESET) refers to stm32f1xx_it.o(i.DebugMon_Handler) for DebugMon_Handler
    startup_stm32f103xb.o(RESET) refers to stm32f1xx_it.o(i.PendSV_Handler) for PendSV_Handler
    startup_stm32f103xb.o(RESET) refers to stm32f1xx_it.o(i.SysTick_Handler) for SysTick_Handler
    startup_stm32f103xb.o(RESET) refers to stm32f1xx_it.o(i.FLASH_IRQHandler) for FLASH_IRQHandler
    startup_stm32f103xb.o(RESET) refers to stm32f1xx_it.o(i.RCC_IRQHandler) for RCC_IRQHandler
    startup_stm32f103xb.o(RESET) refers to stm32f1xx_it.o(i.TIM4_IRQHandler) for TIM4_IRQHandler
    startup_stm32f103xb.o(RESET) refers to stm32f1xx_it.o(i.I2C1_EV_IRQHandler) for I2C1_EV_IRQHandler
    startup_stm32f103xb.o(RESET) refers to stm32f1xx_it.o(i.I2C1_ER_IRQHandler) for I2C1_ER_IRQHandler
    startup_stm32f103xb.o(RESET) refers to stm32f1xx_it.o(i.USART1_IRQHandler) for USART1_IRQHandler
    startup_stm32f103xb.o(.text) refers to system_stm32f1xx.o(i.SystemInit) for SystemInit
    startup_stm32f103xb.o(.text) refers to entry.o(.ARM.Collect$$$$00000000) for __main
    esp8266.o(i.ESP_Init) refers to memcpya.o(.text) for __aeabi_memcpy4
    esp8266.o(i.ESP_Init) refers to servo.o(i.initServo) for initServo
    esp8266.o(i.ESP_Init) refers to stm32f1xx_hal_gpio.o(i.HAL_GPIO_WritePin) for HAL_GPIO_WritePin
    esp8266.o(i.ESP_Init) refers to esp8266.o(i.Send_ESP) for Send_ESP
    esp8266.o(i.ESP_Init) refers to esp8266.o(i.clear_rcvbuffer) for clear_rcvbuffer
    esp8266.o(i.ESP_Init) refers to esp8266.o(i.Send_ESP_Connect) for Send_ESP_Connect
    esp8266.o(i.ESP_Init) refers to write_lcd_func.o(i.send_connected_lcd) for send_connected_lcd
    esp8266.o(i.ESP_Init) refers to esp8266.o(i.Get_IP) for Get_IP
    esp8266.o(i.ESP_Init) refers to write_lcd_func.o(i.send_ready_lcd) for send_ready_lcd
    esp8266.o(i.ESP_Init) refers to write_lcd_func.o(i.send_not_connected_lcd) for send_not_connected_lcd
    esp8266.o(i.ESP_Init) refers to main.o(.bss) for htim4
    esp8266.o(i.ESP_Init) refers to esp8266.o(.data) for .data
    esp8266.o(i.ESP_Login) refers to strlen.o(.text) for strlen
    esp8266.o(i.ESP_Login) refers to esp8266.o(i.Send_ESP_Conc) for Send_ESP_Conc
    esp8266.o(i.ESP_Login) refers to esp8266.o(i.Send_ESP) for Send_ESP
    esp8266.o(i.ESP_Login) refers to esp8266.o(i.clear_rcvbuffer) for clear_rcvbuffer
    esp8266.o(i.ESP_Login) refers to esp8266.o(.data) for .data
    esp8266.o(i.ESP_Read) refers to stm32f1xx_hal_gpio.o(i.HAL_GPIO_WritePin) for HAL_GPIO_WritePin
    esp8266.o(i.ESP_Read) refers to write_lcd_func.o(i.send_payment_successful) for send_payment_successful
    esp8266.o(i.ESP_Read) refers to memcpya.o(.text) for __aeabi_memcpy4
    esp8266.o(i.ESP_Read) refers to servo.o(i.openCover) for openCover
    esp8266.o(i.ESP_Read) refers to strlen.o(.text) for strlen
    esp8266.o(i.ESP_Read) refers to esp8266.o(i.Send_ESP_Conc) for Send_ESP_Conc
    esp8266.o(i.ESP_Read) refers to esp8266.o(i.Send_ESP) for Send_ESP
    esp8266.o(i.ESP_Read) refers to esp8266.o(i.clear_rcvbuffer) for clear_rcvbuffer
    esp8266.o(i.ESP_Read) refers to servo.o(i.closeCover) for closeCover
    esp8266.o(i.ESP_Read) refers to write_lcd_func.o(i.send_payment_unsuccessful) for send_payment_unsuccessful
    esp8266.o(i.ESP_Read) refers to write_lcd_func.o(i.send_ready_lcd) for send_ready_lcd
    esp8266.o(i.ESP_Read) refers to write_lcd_func.o(i.send_wifi_disconnected) for send_wifi_disconnected
    esp8266.o(i.ESP_Read) refers to esp8266.o(i.ESP_Init) for ESP_Init
    esp8266.o(i.ESP_Read) refers to stm32f1xx_hal.o(i.HAL_Delay) for HAL_Delay
    esp8266.o(i.ESP_Read) refers to strstr.o(.text) for strstr
    esp8266.o(i.ESP_Read) refers to esp8266.o(i.ESP_Login) for ESP_Login
    esp8266.o(i.ESP_Read) refers to esp8266.o(.data) for .data
    esp8266.o(i.ESP_Read) refers to main.o(.bss) for htim4
    esp8266.o(i.ESP_TCP) refers to esp8266.o(i.Send_ESP) for Send_ESP
    esp8266.o(i.ESP_TCP) refers to strlen.o(.text) for strlen
    esp8266.o(i.ESP_TCP) refers to esp8266.o(i.Send_ESP_Conc) for Send_ESP_Conc
[...]
    Removing stm32f1xx_hal_pwr.o(i.PWR_OverloadWfe), (6 bytes).
    Removing stm32f1xx_hal_flash.o(.rev16_text), (4 bytes).
    Removing stm32f1xx_hal_flash.o(.revsh_text), (4 bytes).
    Removing stm32f1xx_hal_flash.o(.rrx_text), (6 bytes).
    Removing stm32f1xx_hal_flash.o(i.FLASH_WaitForLastOperation), (84 bytes).
    Removing stm32f1xx_hal_flash.o(i.HAL_FLASH_GetError), (12 bytes).
    Removing stm32f1xx_hal_flash.o(i.HAL_FLASH_Lock), (20 bytes).
    Removing stm32f1xx_hal_flash.o(i.HAL_FLASH_OB_Launch), (4 bytes).
    Removing stm32f1xx_hal_flash.o(i.HAL_FLASH_OB_Lock), (20 bytes).
    Removing stm32f1xx_hal_flash.o(i.HAL_FLASH_OB_Unlock), (36 bytes).
    Removing stm32f1xx_hal_flash.o(i.HAL_FLASH_Program), (128 bytes).
    Removing stm32f1xx_hal_flash.o(i.HAL_FLASH_Program_IT), (100 bytes).
    Removing stm32f1xx_hal_flash.o(i.HAL_FLASH_Unlock), (40 bytes).
    Removing stm32f1xx_hal_flash_ex.o(.rev16_text), (4 bytes).
    Removing stm32f1xx_hal_flash_ex.o(.revsh_text), (4 bytes).
    Removing stm32f1xx_hal_flash_ex.o(.rrx_text), (6 bytes).
    Removing stm32f1xx_hal_flash_ex.o(i.FLASH_MassErase), (36 bytes).
    Removing stm32f1xx_hal_flash_ex.o(i.FLASH_OB_DisableWRP), (176 bytes).
    Removing stm32f1xx_hal_flash_ex.o(i.FLASH_OB_EnableWRP), (176 bytes).
    Removing stm32f1xx_hal_flash_ex.o(i.FLASH_OB_GetRDP), (24 bytes).
    Removing stm32f1xx_hal_flash_ex.o(i.FLASH_OB_RDP_LevelConfig), (100 bytes).
    Removing stm32f1xx_hal_flash_ex.o(i.HAL_FLASHEx_Erase), (168 bytes).
    Removing stm32f1xx_hal_flash_ex.o(i.HAL_FLASHEx_Erase_IT), (84 bytes).
    Removing stm32f1xx_hal_flash_ex.o(i.HAL_FLASHEx_OBErase), (84 bytes).
    Removing stm32f1xx_hal_flash_ex.o(i.HAL_FLASHEx_OBGetConfig), (36 bytes).
    Removing stm32f1xx_hal_flash_ex.o(i.HAL_FLASHEx_OBGetUserData), (32 bytes).
    Removing stm32f1xx_hal_flash_ex.o(i.HAL_FLASHEx_OBProgram), (200 bytes).
    Removing system_stm32f1xx.o(.rev16_text), (4 bytes).
    Removing system_stm32f1xx.o(.revsh_text), (4 bytes).
    Removing system_stm32f1xx.o(.rrx_text), (6 bytes).
    Removing system_stm32f1xx.o(i.SystemCoreClockUpdate), (104 bytes).
    Removing dadd.o(.text), (334 bytes).
    Removing dmul.o(.text), (228 bytes).
    Removing ddiv.o(.text), (222 bytes).
    Removing dfixul.o(.text), (48 bytes).
    Removing cdrcmple.o(.text), (48 bytes).
    Removing depilogue.o(.text), (186 bytes).

385 unused section(s) (total 34590 bytes) removed from the image.

==============================================================================

Image Symbol Table

    Local Symbols

    Symbol Name                              Value     Ov Type        Size  Object(Section)

    ../Drivers/STM32F1xx_HAL_Driver/Src/stm32f1xx_hal.c 0x00000000   Number         0  stm32f1xx_hal.o ABSOLUTE
    ../Drivers/STM32F1xx_HAL_Driver/Src/stm32f1xx_hal_cortex.c 0x00000000   Number         0  stm32f1xx_hal_cortex.o ABSOLUTE
    ../Drivers/STM32F1xx_HAL_Driver/Src/stm32f1xx_hal_dma.c 0x00000000   Number         0  stm32f1xx_hal_dma.o ABSOLUTE
    ../Drivers/STM32F1xx_HAL_Driver/Src/stm32f1xx_hal_flash.c 0x00000000   Number         0  stm32f1xx_hal_flash.o ABSOLUTE
    ../Drivers/STM32F1xx_HAL_Driver/Src/stm32f1xx_hal_flash_ex.c 0x00000000   Number         0  stm32f1xx_hal_flash_ex.o ABSOLUTE
    ../Drivers/STM32F1xx_HAL_Driver/Src/stm32f1xx_hal_gpio.c 0x00000000   Number         0  stm32f1xx_hal_gpio.o ABSOLUTE
    ../Drivers/STM32F1xx_HAL_Driver/Src/stm32f1xx_hal_gpio_ex.c 0x00000000   Number         0  stm32f1xx_hal_gpio_ex.o ABSOLUTE
    ../Drivers/STM32F1xx_HAL_Driver/Src/stm32f1xx_hal_i2c.c 0x00000000   Number         0  stm32f1xx_hal_i2c.o ABSOLUTE
    ../Drivers/STM32F1xx_HAL_Driver/Src/stm32f1xx_hal_pwr.c 0x00000000   Number         0  stm32f1xx_hal_pwr.o ABSOLUTE
    ../Drivers/STM32F1xx_HAL_Driver/Src/stm32f1xx_hal_rcc.c 0x00000000   Number         0  stm32f1xx_hal_rcc.o ABSOLUTE
    ../Drivers/STM32F1xx_HAL_Driver/Src/stm32f1xx_hal_rcc_ex.c 0x00000000   Number         0  stm32f1xx_hal_rcc_ex.o ABSOLUTE
    ../Drivers/STM32F1xx_HAL_Driver/Src/stm32f1xx_hal_tim.c 0x00000000   Number         0  stm32f1xx_hal_tim.o ABSOLUTE
    ../Drivers/STM32F1xx_HAL_Driver/Src/stm32f1xx_hal_tim_ex.c 0x00000000   Number         0  stm32f1xx_hal_tim_ex.o ABSOLUTE
    ../Drivers/STM32F1xx_HAL_Driver/Src/stm32f1xx_hal_uart.c 0x00000000   Number         0  stm32f1xx_hal_uart.o ABSOLUTE
    ../Src/main.c                            0x00000000   Number         0  main.o ABSOLUTE
    ../Src/stm32f1xx_hal_msp.c               0x00000000   Number         0  stm32f1xx_hal_msp.o ABSOLUTE
    ../Src/stm32f1xx_it.c                    0x00000000   Number         0  stm32f1xx_it.o ABSOLUTE
    ../Src/system_stm32f1xx.c                0x00000000   Number         0  system_stm32f1xx.o ABSOLUTE
    ../clib/microlib/division.c              0x00000000   Number         0  uldiv.o ABSOLUTE
    ../clib/microlib/division.c              0x00000000   Number         0  uidiv.o ABSOLUTE
    ../clib/microlib/init/entry.s            0x00000000   Number         0  entry11b.o ABSOLUTE
    ../clib/microlib/init/entry.s            0x00000000   Number         0  entry2.o ABSOLUTE
    ../clib/microlib/init/entry.s            0x00000000   Number         0  entry5.o ABSOLUTE
    ../clib/microlib/init/entry.s            0x00000000   Number         0  entry11a.o ABSOLUTE
    ../clib/microlib/init/entry.s            0x00000000   Number         0  entry.o ABSOLUTE
    ../clib/microlib/init/entry.s            0x00000000   Number         0  entry10b.o ABSOLUTE
    ../clib/microlib/init/entry.s            0x00000000   Number         0  entry7a.o ABSOLUTE
    ../clib/microlib/init/entry.s            0x00000000   Number         0  entry7b.o ABSOLUTE
    ../clib/microlib/init/entry.s            0x00000000   Number         0  entry10a.o ABSOLUTE
    ../clib/microlib/init/entry.s            0x00000000   Number         0  entry8a.o ABSOLUTE
    ../clib/microlib/init/entry.s            0x00000000   Number         0  entry8b.o ABSOLUTE
    ../clib/microlib/init/entry.s            0x00000000   Number         0  entry9a.o ABSOLUTE
    ../clib/microlib/init/entry.s            0x00000000   Number         0  entry9b.o ABSOLUTE
    ../clib/microlib/longlong.c              0x00000000   Number         0  llshl.o ABSOLUTE
    ../clib/microlib/longlong.c              0x00000000   Number         0  llushr.o ABSOLUTE
    ../clib/microlib/longlong.c              0x00000000   Number         0  llsshr.o ABSOLUTE
    ../clib/microlib/printf/printf.c         0x00000000   Number         0  printf1.o ABSOLUTE
    ../clib/microlib/printf/printf.c         0x00000000   Number         0  printfb.o ABSOLUTE
    ../clib/microlib/printf/printf.c         0x00000000   Number         0  printf3.o ABSOLUTE
    ../clib/microlib/printf/printf.c         0x00000000   Number         0  printf2.o ABSOLUTE
    ../clib/microlib/printf/printf.c         0x00000000   Number         0  printf0.o ABSOLUTE
    ../clib/microlib/printf/printf.c         0x00000000   Number         0  printfa.o ABSOLUTE
    ../clib/microlib/printf/printf.c         0x00000000   Number         0  printf8.o ABSOLUTE
    ../clib/microlib/printf/printf.c         0x00000000   Number         0  printf7.o ABSOLUTE
    ../clib/microlib/printf/printf.c         0x00000000   Number         0  printf6.o ABSOLUTE
    ../clib/microlib/printf/printf.c         0x00000000   Number         0  printf4.o ABSOLUTE
    ../clib/microlib/printf/printf.c         0x00000000   Number         0  printf5.o ABSOLUTE
    ../clib/microlib/printf/stubs.s          0x00000000   Number         0  stubs.o ABSOLUTE
    ../clib/microlib/stdio/fputc.c           0x00000000   Number         0  fputc.o ABSOLUTE
    ../clib/microlib/stdio/semi.s            0x00000000   Number         0  semi.o ABSOLUTE
    ../clib/microlib/stdio/streams.c         0x00000000   Number         0  stdout.o ABSOLUTE
    ../clib/microlib/string/memcpy.c         0x00000000   Number         0  memcpyb.o ABSOLUTE
    ../clib/microlib/string/memcpy.c         0x00000000   Number         0  memcpya.o ABSOLUTE
    ../clib/microlib/string/memset.c         0x00000000   Number         0  memseta.o ABSOLUTE
    ../clib/microlib/string/strcat.c         0x00000000   Number         0  strcat.o ABSOLUTE
    ../clib/microlib/string/strcpy.c         0x00000000   Number         0  strcpy.o ABSOLUTE
    ../clib/microlib/string/strlen.c         0x00000000   Number         0  strlen.o ABSOLUTE
    ../clib/microlib/string/strstr.c         0x00000000   Number         0  strstr.o ABSOLUTE
    ../clib/microlib/string/strtok.c         0x00000000   Number         0  strtok_r.o ABSOLUTE
    ../clib/microlib/string/strtok.c         0x00000000   Number         0  strtok.o ABSOLUTE
    ../clib/microlib/stubs.s                 0x00000000   Number         0  iusefp.o ABSOLUTE
    ../clib/microlib/stubs.s                 0x00000000   Number         0  iusesemip.o ABSOLUTE
    ../fplib/microlib/fpadd.c                0x00000000   Number         0  dadd.o ABSOLUTE
    ../fplib/microlib/fpdiv.c                0x00000000   Number         0  ddiv.o ABSOLUTE
    ../fplib/microlib/fpepilogue.c           0x00000000   Number         0  depilogue.o ABSOLUTE
    ../fplib/microlib/fpfix.c                0x00000000   Number         0  dfixul.o ABSOLUTE
    ../fplib/microlib/fpmul.c                0x00000000   Number         0  dmul.o ABSOLUTE
    ..\Drivers\STM32F1xx_HAL_Driver\Src\stm32f1xx_hal.c 0x00000000   Number         0  stm32f1xx_hal.o ABSOLUTE
    ..\Drivers\STM32F1xx_HAL_Driver\Src\stm32f1xx_hal_cortex.c 0x00000000   Number         0  stm32f1xx_hal_cortex.o ABSOLUTE
    ..\Drivers\STM32F1xx_HAL_Driver\Src\stm32f1xx_hal_dma.c 0x00000000   Number         0  stm32f1xx_hal_dma.o ABSOLUTE
    ..\Drivers\STM32F1xx_HAL_Driver\Src\stm32f1xx_hal_flash.c 0x00000000   Number         0  stm32f1xx_hal_flash.o ABSOLUTE
    ..\Drivers\STM32F1xx_HAL_Driver\Src\stm32f1xx_hal_flash_ex.c 0x00000000   Number         0  stm32f1xx_hal_flash_ex.o ABSOLUTE
    ..\Drivers\STM32F1xx_HAL_Driver\Src\stm32f1xx_hal_gpio.c 0x00000000   Number         0  stm32f1xx_hal_gpio.o ABSOLUTE
    ..\Drivers\STM32F1xx_HAL_Driver\Src\stm32f1xx_hal_gpio_ex.c 0x00000000   Number         0  stm32f1xx_hal_gpio_ex.o ABSOLUTE
    ..\Drivers\STM32F1xx_HAL_Driver\Src\stm32f1xx_hal_i2c.c 0x00000000   Number         0  stm32f1xx_hal_i2c.o ABSOLUTE
    ..\Drivers\STM32F1xx_HAL_Driver\Src\stm32f1xx_hal_pwr.c 0x00000000   Number         0  stm32f1xx_hal_pwr.o ABSOLUTE
    ..\Drivers\STM32F1xx_HAL_Driver\Src\stm32f1xx_hal_rcc.c 0x00000000   Number         0  stm32f1xx_hal_rcc.o ABSOLUTE
    ..\Drivers\STM32F1xx_HAL_Driver\Src\stm32f1xx_hal_rcc_ex.c 0x00000000   Number         0  stm32f1xx_hal_rcc_ex.o ABSOLUTE
    ..\Drivers\STM32F1xx_HAL_Driver\Src\stm32f1xx_hal_tim.c 0x00000000   Number         0  stm32f1xx_hal_tim.o ABSOLUTE
    ..\Drivers\STM32F1xx_HAL_Driver\Src\stm32f1xx_hal_tim_ex.c 0x00000000   Number         0  stm32f1xx_hal_tim_ex.o ABSOLUTE
    ..\Drivers\STM32F1xx_HAL_Driver\Src\stm32f1xx_hal_uart.c 0x00000000   Number         0  stm32f1xx_hal_uart.o ABSOLUTE
    ..\Src\esp8266.c                         0x00000000   Number         0  esp8266.o ABSOLUTE
    ..\Src\main.c                            0x00000000   Number         0  main.o ABSOLUTE
    ..\Src\servo.c                           0x00000000   Number         0  servo.o ABSOLUTE
    ..\Src\ssd1306.c                         0x00000000   Number         0  ssd1306.o ABSOLUTE
    ..\Src\ssd1306_fonts.c                   0x00000000   Number         0  ssd1306_fonts.o ABSOLUTE
    ..\Src\stm32f1xx_hal_msp.c               0x00000000   Number         0  stm32f1xx_hal_msp.o ABSOLUTE
    ..\Src\stm32f1xx_it.c                    0x00000000   Number         0  stm32f1xx_it.o ABSOLUTE
    ..\Src\system_stm32f1xx.c                0x00000000   Number         0  system_stm32f1xx.o ABSOLUTE
    ..\Src\write_lcd_func.c                  0x00000000   Number         0  write_lcd_func.o ABSOLUTE
    ..\\Src\\esp8266.c                       0x00000000   Number         0  esp8266.o ABSOLUTE
    ..\\Src\\servo.c                         0x00000000   Number         0  servo.o ABSOLUTE
    ..\\Src\\ssd1306.c                       0x00000000   Number         0  ssd1306.o ABSOLUTE
    ..\\Src\\write_lcd_func.c                0x00000000   Number         0  write_lcd_func.o ABSOLUTE
    cdrcmple.s                               0x00000000   Number         0  cdrcmple.o ABSOLUTE
    dc.s                                     0x00000000   Number         0  dc.o ABSOLUTE
    handlers.s                               0x00000000   Number         0  handlers.o ABSOLUTE
    init.s                                   0x00000000   Number         0  init.o ABSOLUTE
    startup_stm32f103xb.s                    0x00000000   Number         0  startup_stm32f103xb.o ABSOLUTE
    RESET                                    0x08000000   Section      236  startup_stm32f103xb.o(RESET)
    .ARM.Collect$$$$00000000                 0x080000ec   Section        0  entry.o(.ARM.Collect$$$$00000000)
    .ARM.Collect$$$$00000001                 0x080000ec   Section        4  entry2.o(.ARM.Collect$$$$00000001)
    .ARM.Collect$$$$00000004                 0x080000f0   Section        4  entry5.o(.ARM.Collect$$$$00000004)
    .ARM.Collect$$$$00000008                 0x080000f4   Section        0  entry7b.o(.ARM.Collect$$$$00000008)
    .ARM.Collect$$$$0000000A                 0x080000f4   Section        0  entry8b.o(.ARM.Collect$$$$0000000A)
    .ARM.Collect$$$$0000000B                 0x080000f4   Section        8  entry9a.o(.ARM.Collect$$$$0000000B)
    .ARM.Collect$$$$0000000D                 0x080000fc   Section        0  entry10a.o(.ARM.Collect$$$$0000000D)
    .ARM.Collect$$$$0000000F                 0x080000fc   Section        0  entry11a.o(.ARM.Collect$$$$0000000F)
    .ARM.Collect$$$$00002712                 0x080000fc   Section        4  entry2.o(.ARM.Collect$$$$00002712)
    __lit__00000000                          0x080000fc   Data           4  entry2.o(.ARM.Collect$$$$00002712)
    .text                                    0x08000100   Section       36  startup_stm32f103xb.o(.text)
    .text                                    0x08000124   Section        0  memcpya.o(.text)
    .text                                    0x08000148   Section        0  memseta.o(.text)
    .text                                    0x0800016c   Section        0  strcat.o(.text)
    .text                                    0x08000184   Section        0  strstr.o(.text)
    .text                                    0x080001a8   Section        0  strlen.o(.text)
    .text                                    0x080001b6   Section        0  strcpy.o(.text)
    .text                                    0x080001c8   Section        0  strtok.o(.text)
    .text                                    0x0800020c   Section        0  uidiv.o(.text)
    .text                                    0x08000238   Section       36  init.o(.text)
    i.BusFault_Handler                       0x0800025c   Section        0  stm32f1xx_it.o(i.BusFault_Handler)
    i.DebugMon_Handler                       0x08000260   Section        0  stm32f1xx_it.o(i.DebugMon_Handler)
    i.ESP_Init                               0x08000264   Section        0  esp8266.o(i.ESP_Init)
    i.ESP_Login                              0x0800040c   Section        0  esp8266.o(i.ESP_Login)
    i.ESP_Read                               0x08000498   Section        0  esp8266.o(i.ESP_Read)
    i.FLASH_IRQHandler                       0x080006c0   Section        0  stm32f1xx_it.o(i.FLASH_IRQHandler)
    i.FLASH_PageErase                        0x080006c4   Section        0  stm32f1xx_hal_flash_ex.o(i.FLASH_PageErase)
    i.FLASH_Program_HalfWord                 0x080006e8   Section        0  stm32f1xx_hal_flash.o(i.FLASH_Program_HalfWord)
    FLASH_Program_HalfWord                   0x080006e9   Thumb Code    20  stm32f1xx_hal_flash.o(i.FLASH_Program_HalfWord)
    i.FLASH_SetErrorCode                     0x08000704   Section        0  stm32f1xx_hal_flash.o(i.FLASH_SetErrorCode)
    FLASH_SetErrorCode                       0x08000705   Thumb Code    84  stm32f1xx_hal_flash.o(i.FLASH_SetErrorCode)
    i.Get_IP                                 0x08000760   Section        0  esp8266.o(i.Get_IP)
    i.HAL_DMA_Abort_IT                       0x080007c0   Section        0  stm32f1xx_hal_dma.o(i.HAL_DMA_Abort_IT)
    i.HAL_Delay                              0x08000858   Section        0  stm32f1xx_hal.o(i.HAL_Delay)
    i.HAL_FLASH_EndOfOperationCallback       0x0800087c   Section        0  stm32f1xx_hal_flash.o(i.HAL_FLASH_EndOfOperationCallback)
    i.HAL_FLASH_IRQHandler                   0x08000880   Section        0  stm32f1xx_hal_flash.o(i.HAL_FLASH_IRQHandler)
    i.HAL_FLASH_OperationErrorCallback       0x08000988   Section        0  stm32f1xx_hal_flash.o(i.HAL_FLASH_OperationErrorCallback)
    i.HAL_GPIO_Init                          0x0800098c   Section        0  stm32f1xx_hal_gpio.o(i.HAL_GPIO_Init)
    i.HAL_GPIO_WritePin                      0x08000b48   Section        0  stm32f1xx_hal_gpio.o(i.HAL_GPIO_WritePin)
    i.HAL_GetTick                            0x08000b54   Section        0  stm32f1xx_hal.o(i.HAL_GetTick)
    i.HAL_I2C_AbortCpltCallback              0x08000b60   Section        0  stm32f1xx_hal_i2c.o(i.HAL_I2C_AbortCpltCallback)
    i.HAL_I2C_AddrCallback                   0x08000b62   Section        0  stm32f1xx_hal_i2c.o(i.HAL_I2C_AddrCallback)
    i.HAL_I2C_ER_IRQHandler                  0x08000b64   Section        0  stm32f1xx_hal_i2c.o(i.HAL_I2C_ER_IRQHandler)
    i.HAL_I2C_EV_IRQHandler                  0x08000c34   Section        0  stm32f1xx_hal_i2c.o(i.HAL_I2C_EV_IRQHandler)
    i.HAL_I2C_ErrorCallback                  0x08000e24   Section        0  stm32f1xx_hal_i2c.o(i.HAL_I2C_ErrorCallback)
    i.HAL_I2C_Init                           0x08000e28   Section        0  stm32f1xx_hal_i2c.o(i.HAL_I2C_Init)
    i.HAL_I2C_ListenCpltCallback             0x08000f68   Section        0  stm32f1xx_hal_i2c.o(i.HAL_I2C_ListenCpltCallback)
    i.HAL_I2C_MasterRxCpltCallback           0x08000f6a   Section        0  stm32f1xx_hal_i2c.o(i.HAL_I2C_MasterRxCpltCallback)
    i.HAL_I2C_MasterTxCpltCallback           0x08000f6c   Section        0  stm32f1xx_hal_i2c.o(i.HAL_I2C_MasterTxCpltCallback)
    i.HAL_I2C_MemRxCpltCallback              0x08000f6e   Section        0  stm32f1xx_hal_i2c.o(i.HAL_I2C_MemRxCpltCallback)
    i.HAL_I2C_MemTxCpltCallback              0x08000f70   Section        0  stm32f1xx_hal_i2c.o(i.HAL_I2C_MemTxCpltCallback)
    i.HAL_I2C_Mem_Write                      0x08000f74   Section        0  stm32f1xx_hal_i2c.o(i.HAL_I2C_Mem_Write)
    i.HAL_I2C_MspInit                        0x080010b0   Section        0  stm32f1xx_hal_msp.o(i.HAL_I2C_MspInit)
    i.HAL_I2C_SlaveRxCpltCallback            0x08001140   Section        0  stm32f1xx_hal_i2c.o(i.HAL_I2C_SlaveRxCpltCallback)
    i.HAL_I2C_SlaveTxCpltCallback            0x08001142   Section        0  stm32f1xx_hal_i2c.o(i.HAL_I2C_SlaveTxCpltCallback)
    i.HAL_IncTick                            0x08001144   Section        0  stm32f1xx_hal.o(i.HAL_IncTick)
    i.HAL_Init                               0x08001154   Section        0  stm32f1xx_hal.o(i.HAL_Init)
    i.HAL_InitTick                           0x08001178   Section        0  stm32f1xx_hal.o(i.HAL_InitTick)
    i.HAL_MspInit                            0x080011b8   Section        0  stm32f1xx_hal_msp.o(i.HAL_MspInit)
    i.HAL_NVIC_EnableIRQ                     0x08001258   Section        0  stm32f1xx_hal_cortex.o(i.HAL_NVIC_EnableIRQ)
    i.HAL_NVIC_SetPriority                   0x08001270   Section        0  stm32f1xx_hal_cortex.o(i.HAL_NVIC_SetPriority)
    i.HAL_NVIC_SetPriorityGrouping           0x080012b0   Section        0  stm32f1xx_hal_cortex.o(i.HAL_NVIC_SetPriorityGrouping)
    i.HAL_RCC_ClockConfig                    0x080012d4   Section        0  stm32f1xx_hal_rcc.o(i.HAL_RCC_ClockConfig)
    i.HAL_RCC_GetPCLK1Freq                   0x08001440   Section        0  stm32f1xx_hal_rcc.o(i.HAL_RCC_GetPCLK1Freq)
    i.HAL_RCC_GetPCLK2Freq                   0x08001460   Section        0  stm32f1xx_hal_rcc.o(i.HAL_RCC_GetPCLK2Freq)
    i.HAL_RCC_GetSysClockFreq                0x08001480   Section        0  stm32f1xx_hal_rcc.o(i.HAL_RCC_GetSysClockFreq)
    i.HAL_RCC_OscConfig                      0x080014ec   Section        0  stm32f1xx_hal_rcc.o(i.HAL_RCC_OscConfig)
    i.HAL_SYSTICK_Config                     0x080017f0   Section        0  stm32f1xx_hal_cortex.o(i.HAL_SYSTICK_Config)
    i.HAL_TIMEx_BreakCallback                0x08001818   Section        0  stm32f1xx_hal_tim_ex.o(i.HAL_TIMEx_BreakCallback)
    i.HAL_TIMEx_CommutationCallback          0x0800181a   Section        0  stm32f1xx_hal_tim_ex.o(i.HAL_TIMEx_CommutationCallback)
    i.HAL_TIMEx_MasterConfigSynchronization  0x0800181c   Section        0  stm32f1xx_hal_tim_ex.o(i.HAL_TIMEx_MasterConfigSynchronization)
    i.HAL_TIM_Base_Init                      0x0800186c   Section        0  stm32f1xx_hal_tim.o(i.HAL_TIM_Base_Init)
    i.HAL_TIM_Base_MspInit                   0x080018a4   Section        0  stm32f1xx_hal_msp.o(i.HAL_TIM_Base_MspInit)
    i.HAL_TIM_ConfigClockSource              0x080018e0   Section        0  stm32f1xx_hal_tim.o(i.HAL_TIM_ConfigClockSource)
    i.HAL_TIM_IC_CaptureCallback             0x080019d2   Section        0  stm32f1xx_hal_tim.o(i.HAL_TIM_IC_CaptureCallback)
    i.HAL_TIM_IRQHandler                     0x080019d4   Section        0  stm32f1xx_hal_tim.o(i.HAL_TIM_IRQHandler)
    i.HAL_TIM_MspPostInit                    0x08001b3c   Section        0  stm32f1xx_hal_msp.o(i.HAL_TIM_MspPostInit)
    i.HAL_TIM_OC_DelayElapsedCallback        0x08001b88   Section        0  stm32f1xx_hal_tim.o(i.HAL_TIM_OC_DelayElapsedCallback)
    i.HAL_TIM_PWM_ConfigChannel              0x08001b8a   Section        0  stm32f1xx_hal_tim.o(i.HAL_TIM_PWM_ConfigChannel)
    i.HAL_TIM_PWM_Init                       0x08001c5a   Section        0  stm32f1xx_hal_tim.o(i.HAL_TIM_PWM_Init)
    i.HAL_TIM_PWM_MspInit                    0x08001c90   Section        0  stm32f1xx_hal_tim.o(i.HAL_TIM_PWM_MspInit)
    i.HAL_TIM_PWM_PulseFinishedCallback      0x08001c92   Section        0  stm32f1xx_hal_tim.o(i.HAL_TIM_PWM_PulseFinishedCallback)
    i.HAL_TIM_PWM_Start                      0x08001c94   Section        0  stm32f1xx_hal_tim.o(i.HAL_TIM_PWM_Start)
    i.HAL_TIM_PeriodElapsedCallback          0x08001cc4   Section        0  stm32f1xx_hal_tim.o(i.HAL_TIM_PeriodElapsedCallback)
    i.HAL_TIM_TriggerCallback                0x08001cc6   Section        0  stm32f1xx_hal_tim.o(i.HAL_TIM_TriggerCallback)
    i.HAL_UART_ErrorCallback                 0x08001cc8   Section        0  stm32f1xx_it.o(i.HAL_UART_ErrorCallback)
    i.HAL_UART_IRQHandler                    0x08001cfc   Section        0  stm32f1xx_hal_uart.o(i.HAL_UART_IRQHandler)
    i.HAL_UART_Init                          0x08001e0c   Section        0  stm32f1xx_hal_uart.o(i.HAL_UART_Init)
    i.HAL_UART_MspInit                       0x08001e70   Section        0  stm32f1xx_hal_msp.o(i.HAL_UART_MspInit)
    i.HAL_UART_Receive_IT                    0x08001ef0   Section        0  stm32f1xx_hal_uart.o(i.HAL_UART_Receive_IT)
    i.HAL_UART_RxCpltCallback                0x08001f44   Section        0  esp8266.o(i.HAL_UART_RxCpltCallback)
    i.HAL_UART_Transmit_IT                   0x08002008   Section        0  stm32f1xx_hal_uart.o(i.HAL_UART_Transmit_IT)
    i.HAL_UART_TxCpltCallback                0x08002046   Section        0  stm32f1xx_hal_uart.o(i.HAL_UART_TxCpltCallback)
    i.HardFault_Handler                      0x08002048   Section        0  stm32f1xx_it.o(i.HardFault_Handler)
    i.I2C1_ER_IRQHandler                     0x08002080   Section        0  stm32f1xx_it.o(i.I2C1_ER_IRQHandler)
    i.I2C1_EV_IRQHandler                     0x0800208c   Section        0  stm32f1xx_it.o(i.I2C1_EV_IRQHandler)
    i.I2C_DMAAbort                           0x08002098   Section        0  stm32f1xx_hal_i2c.o(i.I2C_DMAAbort)
    I2C_DMAAbort                             0x08002099   Thumb Code    78  stm32f1xx_hal_i2c.o(i.I2C_DMAAbort)
    i.I2C_ITError                            0x080020e8   Section        0  stm32f1xx_hal_i2c.o(i.I2C_ITError)
    I2C_ITError                              0x080020e9   Thumb Code   284  stm32f1xx_hal_i2c.o(i.I2C_ITError)
    i.I2C_IsAcknowledgeFailed                0x0800220c   Section        0  stm32f1xx_hal_i2c.o(i.I2C_IsAcknowledgeFailed)
    I2C_IsAcknowledgeFailed                  0x0800220d   Thumb Code    40  stm32f1xx_hal_i2c.o(i.I2C_IsAcknowledgeFailed)
    i.I2C_MasterReceive_BTF                  0x08002234   Section        0  stm32f1xx_hal_i2c.o(i.I2C_MasterReceive_BTF)
    I2C_MasterReceive_BTF                    0x08002235   Thumb Code   194  stm32f1xx_hal_i2c.o(i.I2C_MasterReceive_BTF)
    i.I2C_MasterReceive_RXNE                 0x080022fc   Section        0  stm32f1xx_hal_i2c.o(i.I2C_MasterReceive_RXNE)
    I2C_MasterReceive_RXNE                   0x080022fd   Thumb Code   174  stm32f1xx_hal_i2c.o(i.I2C_MasterReceive_RXNE)
    i.I2C_MasterTransmit_BTF                 0x080023aa   Section        0  stm32f1xx_hal_i2c.o(i.I2C_MasterTransmit_BTF)
    I2C_MasterTransmit_BTF                   0x080023ab   Thumb Code   128  stm32f1xx_hal_i2c.o(i.I2C_MasterTransmit_BTF)
    i.I2C_MasterTransmit_TXE                 0x0800242c   Section        0  stm32f1xx_hal_i2c.o(i.I2C_MasterTransmit_TXE)
    I2C_MasterTransmit_TXE                   0x0800242d   Thumb Code   264  stm32f1xx_hal_i2c.o(i.I2C_MasterTransmit_TXE)
    i.I2C_Master_ADDR                        0x08002534   Section        0  stm32f1xx_hal_i2c.o(i.I2C_Master_ADDR)
    I2C_Master_ADDR                          0x08002535   Thumb Code   282  stm32f1xx_hal_i2c.o(i.I2C_Master_ADDR)
    i.I2C_Master_SB                          0x0800264e   Section        0  stm32f1xx_hal_i2c.o(i.I2C_Master_SB)
    I2C_Master_SB                            0x0800264f   Thumb Code    90  stm32f1xx_hal_i2c.o(i.I2C_Master_SB)
    i.I2C_RequestMemoryWrite                 0x080026a8   Section        0  stm32f1xx_hal_i2c.o(i.I2C_RequestMemoryWrite)
    I2C_RequestMemoryWrite                   0x080026a9   Thumb Code   156  stm32f1xx_hal_i2c.o(i.I2C_RequestMemoryWrite)
    i.I2C_Slave_AF                           0x08002748   Section        0  stm32f1xx_hal_i2c.o(i.I2C_Slave_AF)
    I2C_Slave_AF                             0x08002749   Thumb Code   128  stm32f1xx_hal_i2c.o(i.I2C_Slave_AF)
    i.I2C_Slave_STOPF                        0x080027cc   Section        0  stm32f1xx_hal_i2c.o(i.I2C_Slave_STOPF)
    I2C_Slave_STOPF                          0x080027cd   Thumb Code   214  stm32f1xx_hal_i2c.o(i.I2C_Slave_STOPF)
    i.I2C_WaitOnBTFFlagUntilTimeout          0x080028a8   Section        0  stm32f1xx_hal_i2c.o(i.I2C_WaitOnBTFFlagUntilTimeout)
    I2C_WaitOnBTFFlagUntilTimeout            0x080028a9   Thumb Code    78  stm32f1xx_hal_i2c.o(i.I2C_WaitOnBTFFlagUntilTimeout)
    i.I2C_WaitOnFlagUntilTimeout             0x080028f6   Section        0  stm32f1xx_hal_i2c.o(i.I2C_WaitOnFlagUntilTimeout)
    I2C_WaitOnFlagUntilTimeout               0x080028f7   Thumb Code    96  stm32f1xx_hal_i2c.o(i.I2C_WaitOnFlagUntilTimeout)
    i.I2C_WaitOnMasterAddressFlagUntilTimeout 0x08002958   Section        0  stm32f1xx_hal_i2c.o(i.I2C_WaitOnMasterAddressFlagUntilTimeout)
    I2C_WaitOnMasterAddressFlagUntilTimeout  0x08002959   Thumb Code   136  stm32f1xx_hal_i2c.o(i.I2C_WaitOnMasterAddressFlagUntilTimeout)
    i.I2C_WaitOnTXEFlagUntilTimeout          0x080029e0   Section        0  stm32f1xx_hal_i2c.o(i.I2C_WaitOnTXEFlagUntilTimeout)
    I2C_WaitOnTXEFlagUntilTimeout            0x080029e1   Thumb Code    78  stm32f1xx_hal_i2c.o(i.I2C_WaitOnTXEFlagUntilTimeout)
    i.MX_GPIO_Init                           0x08002a30   Section        0  main.o(i.MX_GPIO_Init)
    MX_GPIO_Init                             0x08002a31   Thumb Code   102  main.o(i.MX_GPIO_Init)
    i.MX_TIM4_Init                           0x08002aa0   Section        0  main.o(i.MX_TIM4_Init)
    MX_TIM4_Init                             0x08002aa1   Thumb Code   118  main.o(i.MX_TIM4_Init)
    i.MemManage_Handler                      0x08002b20   Section        0  stm32f1xx_it.o(i.MemManage_Handler)
    i.NMI_Handler                            0x08002b24   Section        0  stm32f1xx_it.o(i.NMI_Handler)
    i.NVIC_SetPriority                       0x08002b48   Section        0  stm32f1xx_hal_cortex.o(i.NVIC_SetPriority)
    NVIC_SetPriority                         0x08002b49   Thumb Code    32  stm32f1xx_hal_cortex.o(i.NVIC_SetPriority)
    i.PendSV_Handler                         0x08002b68   Section        0  stm32f1xx_it.o(i.PendSV_Handler)
    i.RCC_IRQHandler                         0x08002b6c   Section        0  stm32f1xx_it.o(i.RCC_IRQHandler)
    i.SVC_Handler                            0x08002b6e   Section        0  stm32f1xx_it.o(i.SVC_Handler)
    i.Send_ESP                               0x08002b74   Section        0  esp8266.o(i.Send_ESP)
    i.Send_ESP_Conc                          0x08002bc4   Section        0  esp8266.o(i.Send_ESP_Conc)
    i.Send_ESP_Connect                       0x08002c30   Section        0  esp8266.o(i.Send_ESP_Connect)
    i.SysTick_Handler                        0x08002cac   Section        0  stm32f1xx_it.o(i.SysTick_Handler)
    i.SystemClock_Config                     0x08002cb0   Section        0  main.o(i.SystemClock_Config)
    i.SystemInit                             0x08002cf4   Section        0  system_stm32f1xx.o(i.SystemInit)
    i.TIM4_IRQHandler                        0x08002d3c   Section        0  stm32f1xx_it.o(i.TIM4_IRQHandler)
    i.TIM_Base_SetConfig                     0x08002d48   Section        0  stm32f1xx_hal_tim.o(i.TIM_Base_SetConfig)
    i.TIM_CCxChannelCmd                      0x08002db4   Section        0  stm32f1xx_hal_tim.o(i.TIM_CCxChannelCmd)
    i.TIM_ETR_SetConfig                      0x08002dca   Section        0  stm32f1xx_hal_tim.o(i.TIM_ETR_SetConfig)
    TIM_ETR_SetConfig                        0x08002dcb   Thumb Code    20  stm32f1xx_hal_tim.o(i.TIM_ETR_SetConfig)
    i.TIM_ITRx_SetConfig                     0x08002dde   Section        0  stm32f1xx_hal_tim.o(i.TIM_ITRx_SetConfig)
    TIM_ITRx_SetConfig                       0x08002ddf   Thumb Code    16  stm32f1xx_hal_tim.o(i.TIM_ITRx_SetConfig)
    i.TIM_OC1_SetConfig                      0x08002df0   Section        0  stm32f1xx_hal_tim.o(i.TIM_OC1_SetConfig)
    TIM_OC1_SetConfig                        0x08002df1   Thumb Code    74  stm32f1xx_hal_tim.o(i.TIM_OC1_SetConfig)
    i.TIM_OC2_SetConfig                      0x08002e40   Section        0  stm32f1xx_hal_tim.o(i.TIM_OC2_SetConfig)
    i.TIM_OC3_SetConfig                      0x08002e98   Section        0  stm32f1xx_hal_tim.o(i.TIM_OC3_SetConfig)
    TIM_OC3_SetConfig                        0x08002e99   Thumb Code    82  stm32f1xx_hal_tim.o(i.TIM_OC3_SetConfig)
    i.TIM_OC4_SetConfig                      0x08002ef0   Section        0  stm32f1xx_hal_tim.o(i.TIM_OC4_SetConfig)
    TIM_OC4_SetConfig                        0x08002ef1   Thumb Code    64  stm32f1xx_hal_tim.o(i.TIM_OC4_SetConfig)
    i.TIM_TI1_ConfigInputStage               0x08002f34   Section        0  stm32f1xx_hal_tim.o(i.TIM_TI1_ConfigInputStage)
    TIM_TI1_ConfigInputStage                 0x08002f35   Thumb Code    34  stm32f1xx_hal_tim.o(i.TIM_TI1_ConfigInputStage)
    i.TIM_TI2_ConfigInputStage               0x08002f56   Section        0  stm32f1xx_hal_tim.o(i.TIM_TI2_ConfigInputStage)
    TIM_TI2_ConfigInputStage                 0x08002f57   Thumb Code    36  stm32f1xx_hal_tim.o(i.TIM_TI2_ConfigInputStage)
    i.UART_DMAAbortOnError                   0x08002f7a   Section        0  stm32f1xx_hal_uart.o(i.UART_DMAAbortOnError)
    UART_DMAAbortOnError                     0x08002f7b   Thumb Code    16  stm32f1xx_hal_uart.o(i.UART_DMAAbortOnError)
    i.UART_EndRxTransfer                     0x08002f8a   Section        0  stm32f1xx_hal_uart.o(i.UART_EndRxTransfer)
    UART_EndRxTransfer                       0x08002f8b   Thumb Code    28  stm32f1xx_hal_uart.o(i.UART_EndRxTransfer)
    i.UART_Receive_IT                        0x08002fa6   Section        0  stm32f1xx_hal_uart.o(i.UART_Receive_IT)
    UART_Receive_IT                          0x08002fa7   Thumb Code   150  stm32f1xx_hal_uart.o(i.UART_Receive_IT)
    i.UART_SetConfig                         0x0800303c   Section        0  stm32f1xx_hal_uart.o(i.UART_SetConfig)
    UART_SetConfig                           0x0800303d   Thumb Code   364  stm32f1xx_hal_uart.o(i.UART_SetConfig)
    i.UART_Transmit_IT                       0x080031ac   Section        0  stm32f1xx_hal_uart.o(i.UART_Transmit_IT)
    UART_Transmit_IT                         0x080031ad   Thumb Code    98  stm32f1xx_hal_uart.o(i.UART_Transmit_IT)
    i.USART1_IRQHandler                      0x08003210   Section        0  stm32f1xx_it.o(i.USART1_IRQHandler)
    i.UsageFault_Handler                     0x0800321c   Section        0  stm32f1xx_it.o(i.UsageFault_Handler)
    i.__0sprintf$1                           0x08003220   Section        0  printf1.o(i.__0sprintf$1)
    i.__scatterload_copy                     0x08003248   Section       14  handlers.o(i.__scatterload_copy)
    i.__scatterload_null                     0x08003256   Section        2  handlers.o(i.__scatterload_null)
    i.__scatterload_zeroinit                 0x08003258   Section       14  handlers.o(i.__scatterload_zeroinit)
    i._printf_core                           0x08003268   Section        0  printf1.o(i._printf_core)
    _printf_core                             0x08003269   Thumb Code   336  printf1.o(i._printf_core)
    i._sputc                                 0x080033bc   Section        0  printf1.o(i._sputc)
    _sputc                                   0x080033bd   Thumb Code    10  printf1.o(i._sputc)
    i.clear_rcvbuffer                        0x080033c8   Section        0  esp8266.o(i.clear_rcvbuffer)
    i.closeCover                             0x080033e4   Section        0  servo.o(i.closeCover)
    i.initServo                              0x080033f4   Section        0  servo.o(i.initServo)
    i.main                                   0x08003408   Section        0  main.o(i.main)
    i.openCover                              0x0800348c   Section        0  servo.o(i.openCover)
    i.send_connected_lcd                     0x080034a0   Section        0  write_lcd_func.o(i.send_connected_lcd)
    i.send_intro_lcd                         0x08003564   Section        0  write_lcd_func.o(i.send_intro_lcd)
    i.send_not_connected_lcd                 0x080036fc   Section        0  write_lcd_func.o(i.send_not_connected_lcd)
    i.send_payment_successful                0x080037c0   Section        0  write_lcd_func.o(i.send_payment_successful)
    i.send_payment_unsuccessful              0x08003838   Section        0  write_lcd_func.o(i.send_payment_unsuccessful)
    i.send_ready_lcd                         0x080038b0   Section        0  write_lcd_func.o(i.send_ready_lcd)
    i.send_wifi_disconnected                 0x0800397c   Section        0  write_lcd_func.o(i.send_wifi_disconnected)
    i.ssd1306_DrawPixel                      0x08003a18   Section        0  ssd1306.o(i.ssd1306_DrawPixel)
    i.ssd1306_Fill                           0x08003a58   Section        0  ssd1306.o(i.ssd1306_Fill)
    i.ssd1306_Init                           0x08003a78   Section        0  ssd1306.o(i.ssd1306_Init)
    i.ssd1306_SetCursor                      0x08003b44   Section        0  ssd1306.o(i.ssd1306_SetCursor)
    i.ssd1306_UpdateScreen                   0x08003b50   Section        0  ssd1306.o(i.ssd1306_UpdateScreen)
    i.ssd1306_WriteChar                      0x08003b88   Section        0  ssd1306.o(i.ssd1306_WriteChar)
    i.ssd1306_WriteCommand                   0x08003c24   Section        0  ssd1306.o(i.ssd1306_WriteCommand)
    i.ssd1306_WriteData                      0x08003c48   Section        0  ssd1306.o(i.ssd1306_WriteData)
    i.ssd1306_WriteString                    0x08003c68   Section        0  ssd1306.o(i.ssd1306_WriteString)
    .constdata                               0x08003c94   Section     1900  ssd1306_fonts.o(.constdata)
    Font7x10                                 0x08003c94   Data        1900  ssd1306_fonts.o(.constdata)
    .constdata                               0x08004400   Section       16  system_stm32f1xx.o(.constdata)
    .constdata                               0x08004410   Section        8  system_stm32f1xx.o(.constdata)
    .conststring                             0x08004418   Section     1865  esp8266.o(.conststring)
    .data                                    0x20000000   Section       96  esp8266.o(.data)
    successful_msg                           0x20000004   Data           4  esp8266.o(.data)
    unsuccessful_msg                         0x20000008   Data           4  esp8266.o(.data)
    reset_msg                                0x2000000c   Data           4  esp8266.o(.data)
    login_msg                                0x20000010   Data           4  esp8266.o(.data)
    Rx_indx                                  0x2000005c   Data           4  esp8266.o(.data)
    .data                                    0x20000060   Section        6  ssd1306.o(.data)
    SSD1306                                  0x20000060   Data           6  ssd1306.o(.data)
    .data                                    0x20000068   Section        8  ssd1306_fonts.o(.data)
    .data                                    0x20000070   Section       12  stm32f1xx_hal.o(.data)
    .data                                    0x2000007c   Section        4  system_stm32f1xx.o(.data)
    .data                                    0x20000080   Section        4  strtok.o(.data)
    state                                    0x20000080   Data           4  strtok.o(.data)
    .bss                                     0x20000084   Section     1644  esp8266.o(.bss)
    .bss                                     0x200006f0   Section     1024  ssd1306.o(.bss)
    SSD1306_Buffer                           0x200006f0   Data        1024  ssd1306.o(.bss)
    .bss                                     0x20000af0   Section      100  write_lcd_func.o(.bss)
    .bss                                     0x20000b54   Section      148  main.o(.bss)
    .bss                                     0x20000be8   Section       32  stm32f1xx_hal_flash.o(.bss)
    STACK                                    0x20000c08   Section     1024  startup_stm32f103xb.o(STACK)

    Global Symbols

    Symbol Name                              Value     Ov Type        Size  Object(Section)

    BuildAttributes$$THM_ISAv4$P$D$K$B$S$PE$A:L22UL41UL21$X:L11$S22US41US21$IEEE1$IW$USESV6$~STKCKD$USESV7$~SHL$OSPACE$ROPI$EBA8$MICROLIB$REQ8$PRES8$EABIv2 0x00000000   Number         0  anon$$obj.o ABSOLUTE
    __ARM_use_no_argv                        0x00000000   Number         0  main.o ABSOLUTE
    _printf_a                                0x00000000   Number         0  stubs.o ABSOLUTE
    _printf_c                                0x00000000   Number         0  stubs.o ABSOLUTE
    _printf_charcount                        0x00000000   Number         0  stubs.o ABSOLUTE
    _printf_d                                0x00000000   Number         0  stubs.o ABSOLUTE
    _printf_e                                0x00000000   Number         0  stubs.o ABSOLUTE
    _printf_f                                0x00000000   Number         0  stubs.o ABSOLUTE
    _printf_flags                            0x00000000   Number         0  stubs.o ABSOLUTE
    _printf_fp_dec                           0x00000000   Number         0  stubs.o ABSOLUTE
    _printf_fp_hex                           0x00000000   Number         0  stubs.o ABSOLUTE
    _printf_g                                0x00000000   Number         0  stubs.o ABSOLUTE
    _printf_i                                0x00000000   Number         0  stubs.o ABSOLUTE
    _printf_int_dec                          0x00000000   Number         0  stubs.o ABSOLUTE
    _printf_l                                0x00000000   Number         0  stubs.o ABSOLUTE
    _printf_lc                               0x00000000   Number         0  stubs.o ABSOLUTE
    _printf_ll                               0x00000000   Number         0  stubs.o ABSOLUTE
    _printf_lld                              0x00000000   Number         0  stubs.o ABSOLUTE
    _printf_lli                              0x00000000   Number         0  stubs.o ABSOLUTE
    _printf_llo                              0x00000000   Number         0  stubs.o ABSOLUTE
    _printf_llu                              0x00000000   Number         0  stubs.o ABSOLUTE
    _printf_llx                              0x00000000   Number         0  stubs.o ABSOLUTE
    _printf_longlong_dec                     0x00000000   Number         0  stubs.o ABSOLUTE
    _printf_longlong_hex                     0x00000000   Number         0  stubs.o ABSOLUTE
    _printf_longlong_oct                     0x00000000   Number         0  stubs.o ABSOLUTE
    _printf_ls                               0x00000000   Number         0  stubs.o ABSOLUTE
    _printf_mbtowc                           0x00000000   Number         0  stubs.o ABSOLUTE
    _printf_n                                0x00000000   Number         0  stubs.o ABSOLUTE
    _printf_o                                0x00000000   Number         0  stubs.o ABSOLUTE
    _printf_p                                0x00000000   Number         0  stubs.o ABSOLUTE
    _printf_percent                          0x00000000   Number         0  stubs.o ABSOLUTE
    _printf_pre_padding                      0x00000000   Number         0  stubs.o ABSOLUTE
    _printf_return_value                     0x00000000   Number         0  stubs.o ABSOLUTE
    _printf_s                                0x00000000   Number         0  stubs.o ABSOLUTE
    _printf_sizespec                         0x00000000   Number         0  stubs.o ABSOLUTE
    _printf_str                              0x00000000   Number         0  stubs.o ABSOLUTE
    _printf_truncate_signed                  0x00000000   Number         0  stubs.o ABSOLUTE
    _printf_truncate_unsigned                0x00000000   Number         0  stubs.o ABSOLUTE
    _printf_u                                0x00000000   Number         0  stubs.o ABSOLUTE
    _printf_wc                               0x00000000   Number         0  stubs.o ABSOLUTE
    _printf_wctomb                           0x00000000   Number         0  stubs.o ABSOLUTE
    _printf_widthprec                        0x00000000   Number         0  stubs.o ABSOLUTE
    _printf_x                                0x00000000   Number         0  stubs.o ABSOLUTE
    __cpp_initialize__aeabi_                  - Undefined Weak Reference
    __cxa_finalize                            - Undefined Weak Reference
    __decompress                              - Undefined Weak Reference
    _clock_init                               - Undefined Weak Reference
    _microlib_exit                            - Undefined Weak Reference
    __Vectors_Size                           0x000000ec   Number         0  startup_stm32f103xb.o ABSOLUTE
    __Vectors                                0x08000000   Data           4  startup_stm32f103xb.o(RESET)
    __Vectors_End                            0x080000ec   Data           0  startup_stm32f103xb.o(RESET)
    __main                                   0x080000ed   Thumb Code     0  entry.o(.ARM.Collect$$$$00000000)
    _main_stk                                0x080000ed   Thumb Code     0  entry2.o(.ARM.Collect$$$$00000001)
    _main_scatterload                        0x080000f1   Thumb Code     0  entry5.o(.ARM.Collect$$$$00000004)
    __main_after_scatterload                 0x080000f5   Thumb Code     0  entry5.o(.ARM.Collect$$$$00000004)
    _main_clock                              0x080000f5   Thumb Code     0  entry7b.o(.ARM.Collect$$$$00000008)
    _main_cpp_init                           0x080000f5   Thumb Code     0  entry8b.o(.ARM.Collect$$$$0000000A)
    _main_init                               0x080000f5   Thumb Code     0  entry9a.o(.ARM.Collect$$$$0000000B)
    __rt_final_cpp                           0x080000fd   Thumb Code     0  entry10a.o(.ARM.Collect$$$$0000000D)
    __rt_final_exit                          0x080000fd   Thumb Code     0  entry11a.o(.ARM.Collect$$$$0000000F)
    Reset_Handler                            0x08000101   Thumb Code     8  startup_stm32f103xb.o(.text)
    ADC1_2_IRQHandler                        0x0800011b   Thumb Code     0  startup_stm32f103xb.o(.text)
    CAN1_RX1_IRQHandler                      0x0800011b   Thumb Code     0  startup_stm32f103xb.o(.text)
    CAN1_SCE_IRQHandler                      0x0800011b   Thumb Code     0  startup_stm32f103xb.o(.text)
    DMA1_Channel1_IRQHandler                 0x0800011b   Thumb Code     0  startup_stm32f103xb.o(.text)
    DMA1_Channel2_IRQHandler                 0x0800011b   Thumb Code     0  startup_stm32f103xb.o(.text)
    DMA1_Channel3_IRQHandler                 0x0800011b   Thumb Code     0  startup_stm32f103xb.o(.text)
    DMA1_Channel4_IRQHandler                 0x0800011b   Thumb Code     0  startup_stm32f103xb.o(.text)
    DMA1_Channel5_IRQHandler                 0x0800011b   Thumb Code     0  startup_stm32f103xb.o(.text)
    DMA1_Channel6_IRQHandler                 0x0800011b   Thumb Code     0  startup_stm32f103xb.o(.text)
    DMA1_Channel7_IRQHandler                 0x0800011b   Thumb Code     0  startup_stm32f103xb.o(.text)
    EXTI0_IRQHandler                         0x0800011b   Thumb Code     0  startup_stm32f103xb.o(.text)
    EXTI15_10_IRQHandler                     0x0800011b   Thumb Code     0  startup_stm32f103xb.o(.text)
    EXTI1_IRQHandler                         0x0800011b   Thumb Code     0  startup_stm32f103xb.o(.text)
    EXTI2_IRQHandler                         0x0800011b   Thumb Code     0  startup_stm32f103xb.o(.text)
    EXTI3_IRQHandler                         0x0800011b   Thumb Code     0  startup_stm32f103xb.o(.text)
    EXTI4_IRQHandler                         0x0800011b   Thumb Code     0  startup_stm32f103xb.o(.text)
    EXTI9_5_IRQHandler                       0x0800011b   Thumb Code     0  startup_stm32f103xb.o(.text)
    I2C2_ER_IRQHandler                       0x0800011b   Thumb Code     0  startup_stm32f103xb.o(.text)
    I2C2_EV_IRQHandler                       0x0800011b   Thumb Code     0  startup_stm32f103xb.o(.text)
    PVD_IRQHandler                           0x0800011b   Thumb Code     0  startup_stm32f103xb.o(.text)
    RTC_Alarm_IRQHandler                     0x0800011b   Thumb Code     0  startup_stm32f103xb.o(.text)
    RTC_IRQHandler                           0x0800011b   Thumb Code     0  startup_stm32f103xb.o(.text)
    SPI1_IRQHandler                          0x0800011b   Thumb Code     0  startup_stm32f103xb.o(.text)
    SPI2_IRQHandler                          0x0800011b   Thumb Code     0  startup_stm32f103xb.o(.text)
    TAMPER_IRQHandler                        0x0800011b   Thumb Code     0  startup_stm32f103xb.o(.text)
    TIM1_BRK_IRQHandler                      0x0800011b   Thumb Code     0  startup_stm32f103xb.o(.text)
    TIM1_CC_IRQHandler                       0x0800011b   Thumb Code     0  startup_stm32f103xb.o(.text)
    TIM1_TRG_COM_IRQHandler                  0x0800011b   Thumb Code     0  startup_stm32f103xb.o(.text)
    TIM1_UP_IRQHandler                       0x0800011b   Thumb Code     0  startup_stm32f103xb.o(.text)
    TIM2_IRQHandler                          0x0800011b   Thumb Code     0  startup_stm32f103xb.o(.text)
    TIM3_IRQHandler                          0x0800011b   Thumb Code     0  startup_stm32f103xb.o(.text)
    USART2_IRQHandler                        0x0800011b   Thumb Code     0  startup_stm32f103xb.o(.text)
    USART3_IRQHandler                        0x0800011b   Thumb Code     0  startup_stm32f103xb.o(.text)
    USBWakeUp_IRQHandler                     0x0800011b   Thumb Code     0  startup_stm32f103xb.o(.text)
    USB_HP_CAN1_TX_IRQHandler                0x0800011b   Thumb Code     0  startup_stm32f103xb.o(.text)
    USB_LP_CAN1_RX0_IRQHandler               0x0800011b   Thumb Code     0  startup_stm32f103xb.o(.text)
    WWDG_IRQHandler                          0x0800011b   Thumb Code     0  startup_stm32f103xb.o(.text)
    __aeabi_memcpy                           0x08000125   Thumb Code    36  memcpya.o(.text)
    __aeabi_memcpy4                          0x08000125   Thumb Code     0  memcpya.o(.text)
    __aeabi_memcpy8                          0x08000125   Thumb Code     0  memcpya.o(.text)
    __aeabi_memset                           0x08000149   Thumb Code    14  memseta.o(.text)
    __aeabi_memset4                          0x08000149   Thumb Code     0  memseta.o(.text)
    __aeabi_memset8                          0x08000149   Thumb Code     0  memseta.o(.text)
    __aeabi_memclr                           0x08000157   Thumb Code     4  memseta.o(.text)
    __aeabi_memclr4                          0x08000157   Thumb Code     0  memseta.o(.text)
    __aeabi_memclr8                          0x08000157   Thumb Code     0  memseta.o(.text)
    _memset$wrapper                          0x0800015b   Thumb Code    18  memseta.o(.text)
    strcat                                   0x0800016d   Thumb Code    24  strcat.o(.text)
    strstr                                   0x08000185   Thumb Code    36  strstr.o(.text)
    strlen                                   0x080001a9   Thumb Code    14  strlen.o(.text)
    strcpy                                   0x080001b7   Thumb Code    18  strcpy.o(.text)
    strtok                                   0x080001c9   Thumb Code    62  strtok.o(.text)
    __aeabi_uidiv                            0x0800020d   Thumb Code     0  uidiv.o(.text)
    __aeabi_uidivmod                         0x0800020d   Thumb Code    44  uidiv.o(.text)
    __scatterload                            0x08000239   Thumb Code    28  init.o(.text)
    __scatterload_rt2                        0x08000239   Thumb Code     0  init.o(.text)
    BusFault_Handler                         0x0800025d   Thumb Code     4  stm32f1xx_it.o(i.BusFault_Handler)
    DebugMon_Handler                         0x08000261   Thumb Code     4  stm32f1xx_it.o(i.DebugMon_Handler)
    ESP_Init                                 0x08000265   Thumb Code   284  esp8266.o(i.ESP_Init)
    ESP_Login                                0x0800040d   Thumb Code    84  esp8266.o(i.ESP_Login)
    ESP_Read                                 0x08000499   Thumb Code   456  esp8266.o(i.ESP_Read)
    FLASH_IRQHandler                         0x080006c1   Thumb Code     4  stm32f1xx_it.o(i.FLASH_IRQHandler)
    FLASH_PageErase                          0x080006c5   Thumb Code    28  stm32f1xx_hal_flash_ex.o(i.FLASH_PageErase)
    Get_IP                                   0x08000761   Thumb Code    60  esp8266.o(i.Get_IP)
    HAL_DMA_Abort_IT                         0x080007c1   Thumb Code   148  stm32f1xx_hal_dma.o(i.HAL_DMA_Abort_IT)
    HAL_Delay                                0x08000859   Thumb Code    32  stm32f1xx_hal.o(i.HAL_Delay)
    HAL_FLASH_EndOfOperationCallback         0x0800087d   Thumb Code     2  stm32f1xx_hal_flash.o(i.HAL_FLASH_EndOfOperationCallback)
    HAL_FLASH_IRQHandler                     0x08000881   Thumb Code   256  stm32f1xx_hal_flash.o(i.HAL_FLASH_IRQHandler)
    HAL_FLASH_OperationErrorCallback         0x08000989   Thumb Code     2  stm32f1xx_hal_flash.o(i.HAL_FLASH_OperationErrorCallback)
    HAL_GPIO_Init                            0x0800098d   Thumb Code   408  stm32f1xx_hal_gpio.o(i.HAL_GPIO_Init)
    HAL_GPIO_WritePin                        0x08000b49   Thumb Code    10  stm32f1xx_hal_gpio.o(i.HAL_GPIO_WritePin)
    HAL_GetTick                              0x08000b55   Thumb Code     6  stm32f1xx_hal.o(i.HAL_GetTick)
    HAL_I2C_AbortCpltCallback                0x08000b61   Thumb Code     2  stm32f1xx_hal_i2c.o(i.HAL_I2C_AbortCpltCallback)
    HAL_I2C_AddrCallback                     0x08000b63   Thumb Code     2  stm32f1xx_hal_i2c.o(i.HAL_I2C_AddrCallback)
    HAL_I2C_ER_IRQHandler                    0x08000b65   Thumb Code   202  stm32f1xx_hal_i2c.o(i.HAL_I2C_ER_IRQHandler)
    HAL_I2C_EV_IRQHandler                    0x08000c35   Thumb Code   486  stm32f1xx_hal_i2c.o(i.HAL_I2C_EV_IRQHandler)
    HAL_I2C_ErrorCallback                    0x08000e25   Thumb Code     2  stm32f1xx_hal_i2c.o(i.HAL_I2C_ErrorCallback)
    HAL_I2C_Init                             0x08000e29   Thumb Code   302  stm32f1xx_hal_i2c.o(i.HAL_I2C_Init)
    HAL_I2C_ListenCpltCallback               0x08000f69   Thumb Code     2  stm32f1xx_hal_i2c.o(i.HAL_I2C_ListenCpltCallback)
    HAL_I2C_MasterRxCpltCallback             0x08000f6b   Thumb Code     2  stm32f1xx_hal_i2c.o(i.HAL_I2C_MasterRxCpltCallback)
    HAL_I2C_MasterTxCpltCallback             0x08000f6d   Thumb Code     2  stm32f1xx_hal_i2c.o(i.HAL_I2C_MasterTxCpltCallback)
    HAL_I2C_MemRxCpltCallback                0x08000f6f   Thumb Code     2  stm32f1xx_hal_i2c.o(i.HAL_I2C_MemRxCpltCallback)
    HAL_I2C_MemTxCpltCallback                0x08000f71   Thumb Code     2  stm32f1xx_hal_i2c.o(i.HAL_I2C_MemTxCpltCallback)
    HAL_I2C_Mem_Write                        0x08000f75   Thumb Code   306  stm32f1xx_hal_i2c.o(i.HAL_I2C_Mem_Write)
    HAL_I2C_MspInit                          0x080010b1   Thumb Code   128  stm32f1xx_hal_msp.o(i.HAL_I2C_MspInit)
    HAL_I2C_SlaveRxCpltCallback              0x08001141   Thumb Code     2  stm32f1xx_hal_i2c.o(i.HAL_I2C_SlaveRxCpltCallback)
    HAL_I2C_SlaveTxCpltCallback              0x08001143   Thumb Code     2  stm32f1xx_hal_i2c.o(i.HAL_I2C_SlaveTxCpltCallback)
    HAL_IncTick                              0x08001145   Thumb Code    12  stm32f1xx_hal.o(i.HAL_IncTick)
    HAL_Init                                 0x08001155   Thumb Code    32  stm32f1xx_hal.o(i.HAL_Init)
    HAL_InitTick                             0x08001179   Thumb Code    54  stm32f1xx_hal.o(i.HAL_InitTick)
    HAL_MspInit                              0x080011b9   Thumb Code   150  stm32f1xx_hal_msp.o(i.HAL_MspInit)
    HAL_NVIC_EnableIRQ                       0x08001259   Thumb Code    22  stm32f1xx_hal_cortex.o(i.HAL_NVIC_EnableIRQ)
    HAL_NVIC_SetPriority                     0x08001271   Thumb Code    60  stm32f1xx_hal_cortex.o(i.HAL_NVIC_SetPriority)
    HAL_NVIC_SetPriorityGrouping             0x080012b1   Thumb Code    26  stm32f1xx_hal_cortex.o(i.HAL_NVIC_SetPriorityGrouping)
    HAL_RCC_ClockConfig                      0x080012d5   Thumb Code   346  stm32f1xx_hal_rcc.o(i.HAL_RCC_ClockConfig)
    HAL_RCC_GetPCLK1Freq                     0x08001441   Thumb Code    20  stm32f1xx_hal_rcc.o(i.HAL_RCC_GetPCLK1Freq)
    HAL_RCC_GetPCLK2Freq                     0x08001461   Thumb Code    20  stm32f1xx_hal_rcc.o(i.HAL_RCC_GetPCLK2Freq)
    HAL_RCC_GetSysClockFreq                  0x08001481   Thumb Code    74  stm32f1xx_hal_rcc.o(i.HAL_RCC_GetSysClockFreq)
    HAL_RCC_OscConfig                        0x080014ed   Thumb Code   750  stm32f1xx_hal_rcc.o(i.HAL_RCC_OscConfig)
    HAL_SYSTICK_Config                       0x080017f1   Thumb Code    40  stm32f1xx_hal_cortex.o(i.HAL_SYSTICK_Config)
    HAL_TIMEx_BreakCallback                  0x08001819   Thumb Code     2  stm32f1xx_hal_tim_ex.o(i.HAL_TIMEx_BreakCallback)
    HAL_TIMEx_CommutationCallback            0x0800181b   Thumb Code     2  stm32f1xx_hal_tim_ex.o(i.HAL_TIMEx_CommutationCallback)
    HAL_TIMEx_MasterConfigSynchronization    0x0800181d   Thumb Code    80  stm32f1xx_hal_tim_ex.o(i.HAL_TIMEx_MasterConfigSynchronization)
    HAL_TIM_Base_Init                        0x0800186d   Thumb Code    54  stm32f1xx_hal_tim.o(i.HAL_TIM_Base_Init)
    HAL_TIM_Base_MspInit                     0x080018a5   Thumb Code    50  stm32f1xx_hal_msp.o(i.HAL_TIM_Base_MspInit)
    HAL_TIM_ConfigClockSource                0x080018e1   Thumb Code   242  stm32f1xx_hal_tim.o(i.HAL_TIM_ConfigClockSource)
    HAL_TIM_IC_CaptureCallback               0x080019d3   Thumb Code     2  stm32f1xx_hal_tim.o(i.HAL_TIM_IC_CaptureCallback)
    HAL_TIM_IRQHandler                       0x080019d5   Thumb Code   358  stm32f1xx_hal_tim.o(i.HAL_TIM_IRQHandler)
    HAL_TIM_MspPostInit                      0x08001b3d   Thumb Code    62  stm32f1xx_hal_msp.o(i.HAL_TIM_MspPostInit)
    HAL_TIM_OC_DelayElapsedCallback          0x08001b89   Thumb Code     2  stm32f1xx_hal_tim.o(i.HAL_TIM_OC_DelayElapsedCallback)
    HAL_TIM_PWM_ConfigChannel                0x08001b8b   Thumb Code   208  stm32f1xx_hal_tim.o(i.HAL_TIM_PWM_ConfigChannel)
    HAL_TIM_PWM_Init                         0x08001c5b   Thumb Code    54  stm32f1xx_hal_tim.o(i.HAL_TIM_PWM_Init)
    HAL_TIM_PWM_MspInit                      0x08001c91   Thumb Code     2  stm32f1xx_hal_tim.o(i.HAL_TIM_PWM_MspInit)
    HAL_TIM_PWM_PulseFinishedCallback        0x08001c93   Thumb Code     2  stm32f1xx_hal_tim.o(i.HAL_TIM_PWM_PulseFinishedCallback)
    HAL_TIM_PWM_Start                        0x08001c95   Thumb Code    42  stm32f1xx_hal_tim.o(i.HAL_TIM_PWM_Start)
    HAL_TIM_PeriodElapsedCallback            0x08001cc5   Thumb Code     2  stm32f1xx_hal_tim.o(i.HAL_TIM_PeriodElapsedCallback)
    HAL_TIM_TriggerCallback                  0x08001cc7   Thumb Code     2  stm32f1xx_hal_tim.o(i.HAL_TIM_TriggerCallback)
    HAL_UART_ErrorCallback                   0x08001cc9   Thumb Code    34  stm32f1xx_it.o(i.HAL_UART_ErrorCallback)
    HAL_UART_IRQHandler                      0x08001cfd   Thumb Code   266  stm32f1xx_hal_uart.o(i.HAL_UART_IRQHandler)
    HAL_UART_Init                            0x08001e0d   Thumb Code    98  stm32f1xx_hal_uart.o(i.HAL_UART_Init)
    HAL_UART_MspInit                         0x08001e71   Thumb Code   116  stm32f1xx_hal_msp.o(i.HAL_UART_MspInit)
    HAL_UART_Receive_IT                      0x08001ef1   Thumb Code    82  stm32f1xx_hal_uart.o(i.HAL_UART_Receive_IT)
    HAL_UART_RxCpltCallback                  0x08001f45   Thumb Code    98  esp8266.o(i.HAL_UART_RxCpltCallback)
    HAL_UART_Transmit_IT                     0x08002009   Thumb Code    62  stm32f1xx_hal_uart.o(i.HAL_UART_Transmit_IT)
    HAL_UART_TxCpltCallback                  0x08002047   Thumb Code     2  stm32f1xx_hal_uart.o(i.HAL_UART_TxCpltCallback)
    HardFault_Handler                        0x08002049   Thumb Code    30  stm32f1xx_it.o(i.HardFault_Handler)
    I2C1_ER_IRQHandler                       0x08002081   Thumb Code     6  stm32f1xx_it.o(i.I2C1_ER_IRQHandler)
    I2C1_EV_IRQHandler                       0x0800208d   Thumb Code     6  stm32f1xx_it.o(i.I2C1_EV_IRQHandler)
    MemManage_Handler                        0x08002b21   Thumb Code     4  stm32f1xx_it.o(i.MemManage_Handler)
    NMI_Handler                              0x08002b25   Thumb Code    26  stm32f1xx_it.o(i.NMI_Handler)
    PendSV_Handler                           0x08002b69   Thumb Code     4  stm32f1xx_it.o(i.PendSV_Handler)
    RCC_IRQHandler                           0x08002b6d   Thumb Code     2  stm32f1xx_it.o(i.RCC_IRQHandler)
    SVC_Handler                              0x08002b6f   Thumb Code     4  stm32f1xx_it.o(i.SVC_Handler)
    Send_ESP                                 0x08002b75   Thumb Code    64  esp8266.o(i.Send_ESP)
    Send_ESP_Conc                            0x08002bc5   Thumb Code    86  esp8266.o(i.Send_ESP_Conc)
    Send_ESP_Connect                         0x08002c31   Thumb Code    92  esp8266.o(i.Send_ESP_Connect)
    SysTick_Handler                          0x08002cad   Thumb Code     4  stm32f1xx_it.o(i.SysTick_Handler)
    SystemClock_Config                       0x08002cb1   Thumb Code    66  main.o(i.SystemClock_Config)
    SystemInit                               0x08002cf5   Thumb Code    56  system_stm32f1xx.o(i.SystemInit)
    TIM4_IRQHandler                          0x08002d3d   Thumb Code     6  stm32f1xx_it.o(i.TIM4_IRQHandler)
    TIM_Base_SetConfig                       0x08002d49   Thumb Code    94  stm32f1xx_hal_tim.o(i.TIM_Base_SetConfig)
    TIM_CCxChannelCmd                        0x08002db5   Thumb Code    22  stm32f1xx_hal_tim.o(i.TIM_CCxChannelCmd)
    TIM_OC2_SetConfig                        0x08002e41   Thumb Code    84  stm32f1xx_hal_tim.o(i.TIM_OC2_SetConfig)
    USART1_IRQHandler                        0x08003211   Thumb Code     6  stm32f1xx_it.o(i.USART1_IRQHandler)
    UsageFault_Handler                       0x0800321d   Thumb Code     4  stm32f1xx_it.o(i.UsageFault_Handler)
    __0sprintf$1                             0x08003221   Thumb Code    34  printf1.o(i.__0sprintf$1)
    __1sprintf$1                             0x08003221   Thumb Code     0  printf1.o(i.__0sprintf$1)
    __2sprintf                               0x08003221   Thumb Code     0  printf1.o(i.__0sprintf$1)
    __scatterload_copy                       0x08003249   Thumb Code    14  handlers.o(i.__scatterload_copy)
    __scatterload_null                       0x08003257   Thumb Code     2  handlers.o(i.__scatterload_null)
    __scatterload_zeroinit                   0x08003259   Thumb Code    14  handlers.o(i.__scatterload_zeroinit)
    clear_rcvbuffer                          0x080033c9   Thumb Code    18  esp8266.o(i.clear_rcvbuffer)
    closeCover                               0x080033e5   Thumb Code    16  servo.o(i.closeCover)
    initServo                                0x080033f5   Thumb Code    18  servo.o(i.initServo)
    main                                     0x08003409   Thumb Code   106  main.o(i.main)
    openCover                                0x0800348d   Thumb Code    18  servo.o(i.openCover)
    send_connected_lcd                       0x080034a1   Thumb Code   118  write_lcd_func.o(i.send_connected_lcd)
    send_intro_lcd                           0x08003565   Thumb Code   268  write_lcd_func.o(i.send_intro_lcd)
    send_not_connected_lcd                   0x080036fd   Thumb Code   118  write_lcd_func.o(i.send_not_connected_lcd)
    send_payment_successful                  0x080037c1   Thumb Code    78  write_lcd_func.o(i.send_payment_successful)
    send_payment_unsuccessful                0x08003839   Thumb Code    78  write_lcd_func.o(i.send_payment_unsuccessful)
    send_ready_lcd                           0x080038b1   Thumb Code   132  write_lcd_func.o(i.send_ready_lcd)
    send_wifi_disconnected                   0x0800397d   Thumb Code    98  write_lcd_func.o(i.send_wifi_disconnected)
    ssd1306_DrawPixel                        0x08003a19   Thumb Code    54  ssd1306.o(i.ssd1306_DrawPixel)
    ssd1306_Fill                             0x08003a59   Thumb Code    28  ssd1306.o(i.ssd1306_Fill)
    ssd1306_Init                             0x08003a79   Thumb Code   200  ssd1306.o(i.ssd1306_Init)
    ssd1306_SetCursor                        0x08003b45   Thumb Code     8  ssd1306.o(i.ssd1306_SetCursor)
    ssd1306_UpdateScreen                     0x08003b51   Thumb Code    50  ssd1306.o(i.ssd1306_UpdateScreen)
    ssd1306_WriteChar                        0x08003b89   Thumb Code   150  ssd1306.o(i.ssd1306_WriteChar)
    ssd1306_WriteCommand                     0x08003c25   Thumb Code    32  ssd1306.o(i.ssd1306_WriteCommand)
    ssd1306_WriteData                        0x08003c49   Thumb Code    26  ssd1306.o(i.ssd1306_WriteData)
    ssd1306_WriteString                      0x08003c69   Thumb Code    44  ssd1306.o(i.ssd1306_WriteString)
    AHBPrescTable                            0x08004400   Data          16  system_stm32f1xx.o(.constdata)
    APBPrescTable                            0x08004410   Data           8  system_stm32f1xx.o(.constdata)
    Region$$Table$$Base                      0x08004b64   Number         0  anon$$obj.o(Region$$Table)
    Region$$Table$$Limit                     0x08004b84   Number         0  anon$$obj.o(Region$$Table)
    Rx_data                                  0x20000000   Data           1  esp8266.o(.data)
    ssid                                     0x20000014   Data           4  esp8266.o(.data)
    pass                                     0x20000018   Data           4  esp8266.o(.data)
    asd                                      0x2000001c   Data           4  esp8266.o(.data)
    veriuzunluk                              0x20000020   Data           4  esp8266.o(.data)
    htmlcode                                 0x20000024   Data           4  esp8266.o(.data)
    read_ok                                  0x20000028   Data           4  esp8266.o(.data)
    stat                                     0x2000002c   Data           4  esp8266.o(.data)
    reset                                    0x20000030   Data           4  esp8266.o(.data)
    login                                    0x20000034   Data           4  esp8266.o(.data)
    successful                               0x20000038   Data           4  esp8266.o(.data)
    unsuccessful                             0x2000003c   Data           4  esp8266.o(.data)
    connection                               0x20000040   Data           4  esp8266.o(.data)
    id                                       0x20000044   Data           4  esp8266.o(.data)
    test                                     0x20000048   Data           4  esp8266.o(.data)
    ip                                       0x2000004c   Data           4  esp8266.o(.data)
    status_wifi                              0x20000050   Data           4  esp8266.o(.data)
    last                                     0x20000054   Data           4  esp8266.o(.data)
    uzunluk                                  0x20000058   Data           4  esp8266.o(.data)
    Font_7x10                                0x20000068   Data           8  ssd1306_fonts.o(.data)
    uwTickFreq                               0x20000070   Data           1  stm32f1xx_hal.o(.data)
    uwTickPrio                               0x20000074   Data           4  stm32f1xx_hal.o(.data)
    uwTick                                   0x20000078   Data           4  stm32f1xx_hal.o(.data)
    SystemCoreClock                          0x2000007c   Data           4  system_stm32f1xx.o(.data)
    Rx_Buffer                                0x20000084   Data          50  esp8266.o(.bss)
    buffer                                   0x200000b6   Data        1500  esp8266.o(.bss)
    ip_                                      0x20000692   Data          30  esp8266.o(.bss)
    huart1                                   0x200006b0   Data          64  esp8266.o(.bss)
    cache_ssid                               0x20000af0   Data         100  write_lcd_func.o(.bss)
    hi2c1                                    0x20000b54   Data          84  main.o(.bss)
    htim4                                    0x20000ba8   Data          64  main.o(.bss)
    pFlash                                   0x20000be8   Data          32  stm32f1xx_hal_flash.o(.bss)
    __initial_sp                             0x20001008   Data           0  startup_stm32f103xb.o(STACK)



==============================================================================

Memory Map of the image

  Image Entry point : 0x080000ed

  Load Region LR_IROM1 (Base: 0x08000000, Size: 0x00004c08, Max: 0x00010000, ABSOLUTE)

    Execution Region ER_IROM1 (Exec base: 0x08000000, Load base: 0x08000000, Size: 0x00004b84, Max: 0x00010000, ABSOLUTE)

    Exec Addr    Load Addr    Size         Type   Attr      Idx    E Section Name        Object

    0x08000000   0x08000000   0x000000ec   Data   RO            3    RESET               startup_stm32f103xb.o
    0x080000ec   0x080000ec   0x00000000   Code   RO         3205  * .ARM.Collect$$$$00000000  mc_w.l(entry.o)
    0x080000ec   0x080000ec   0x00000004   Code   RO         3491    .ARM.Collect$$$$00000001  mc_w.l(entry2.o)
    0x080000f0   0x080000f0   0x00000004   Code   RO         3494    .ARM.Collect$$$$00000004  mc_w.l(entry5.o)
    0x080000f4   0x080000f4   0x00000000   Code   RO         3496    .ARM.Collect$$$$00000008  mc_w.l(entry7b.o)
    0x080000f4   0x080000f4   0x00000000   Code   RO         3498    .ARM.Collect$$$$0000000A  mc_w.l(entry8b.o)
    0x080000f4   0x080000f4   0x00000008   Code   RO         3499    .ARM.Collect$$$$0000000B  mc_w.l(entry9a.o)
    0x080000fc   0x080000fc   0x00000000   Code   RO         3501    .ARM.Collect$$$$0000000D  mc_w.l(entry10a.o)
    0x080000fc   0x080000fc   0x00000000   Code   RO         3503    .ARM.Collect$$$$0000000F  mc_w.l(entry11a.o)
    0x080000fc   0x080000fc   0x00000004   Code   RO         3492    .ARM.Collect$$$$00002712  mc_w.l(entry2.o)
    0x08000100   0x08000100   0x00000024   Code   RO            4    .text               startup_stm32f103xb.o
    0x08000124   0x08000124   0x00000024   Code   RO         3210    .text               mc_w.l(memcpya.o)
    0x08000148   0x08000148   0x00000024   Code   RO         3212    .text               mc_w.l(memseta.o)
    0x0800016c   0x0800016c   0x00000018   Code   RO         3214    .text               mc_w.l(strcat.o)
    0x08000184   0x08000184   0x00000024   Code   RO         3216    .text               mc_w.l(strstr.o)
    0x080001a8   0x080001a8   0x0000000e   Code   RO         3218    .text               mc_w.l(strlen.o)
    0x080001b6   0x080001b6   0x00000012   Code   RO         3220    .text               mc_w.l(strcpy.o)
    0x080001c8   0x080001c8   0x00000044   Code   RO         3222    .text               mc_w.l(strtok.o)
    0x0800020c   0x0800020c   0x0000002c   Code   RO         3508    .text               mc_w.l(uidiv.o)
    0x08000238   0x08000238   0x00000024   Code   RO         3523    .text               mc_w.l(init.o)
    0x0800025c   0x0800025c   0x00000004   Code   RO          472    i.BusFault_Handler  stm32f1xx_it.o
    0x08000260   0x08000260   0x00000004   Code   RO          473    i.DebugMon_Handler  stm32f1xx_it.o
    0x08000264   0x08000264   0x000001a8   Code   RO           13    i.ESP_Init          esp8266.o
    0x0800040c   0x0800040c   0x0000008c   Code   RO           14    i.ESP_Login         esp8266.o
    0x08000498   0x08000498   0x00000228   Code   RO           15    i.ESP_Read          esp8266.o
    0x080006c0   0x080006c0   0x00000004   Code   RO          474    i.FLASH_IRQHandler  stm32f1xx_it.o
    0x080006c4   0x080006c4   0x00000024   Code   RO         3090    i.FLASH_PageErase   stm32f1xx_hal_flash_ex.o
    0x080006e8   0x080006e8   0x0000001c   Code   RO         2982    i.FLASH_Program_HalfWord  stm32f1xx_hal_flash.o
    0x08000704   0x08000704   0x0000005c   Code   RO         2983    i.FLASH_SetErrorCode  stm32f1xx_hal_flash.o
    0x08000760   0x08000760   0x00000060   Code   RO           17    i.Get_IP            esp8266.o
    0x080007c0   0x080007c0   0x00000098   Code   RO         2647    i.HAL_DMA_Abort_IT  stm32f1xx_hal_dma.o
    0x08000858   0x08000858   0x00000024   Code   RO         2286    i.HAL_Delay         stm32f1xx_hal.o
    0x0800087c   0x0800087c   0x00000002   Code   RO         2985    i.HAL_FLASH_EndOfOperationCallback  stm32f1xx_hal_flash.o
    0x0800087e   0x0800087e   0x00000002   PAD
    0x08000880   0x08000880   0x00000108   Code   RO         2987    i.HAL_FLASH_IRQHandler  stm32f1xx_hal_flash.o
    0x08000988   0x08000988   0x00000002   Code   RO         2992    i.HAL_FLASH_OperationErrorCallback  stm32f1xx_hal_flash.o
    0x0800098a   0x0800098a   0x00000002   PAD
    0x0800098c   0x0800098c   0x000001bc   Code   RO         2582    i.HAL_GPIO_Init     stm32f1xx_hal_gpio.o
    0x08000b48   0x08000b48   0x0000000a   Code   RO         2586    i.HAL_GPIO_WritePin  stm32f1xx_hal_gpio.o
    0x08000b52   0x08000b52   0x00000002   PAD
    0x08000b54   0x08000b54   0x0000000c   Code   RO         2290    i.HAL_GetTick       stm32f1xx_hal.o
    0x08000b60   0x08000b60   0x00000002   Code   RO          691    i.HAL_I2C_AbortCpltCallback  stm32f1xx_hal_i2c.o
    0x08000b62   0x08000b62   0x00000002   Code   RO          692    i.HAL_I2C_AddrCallback  stm32f1xx_hal_i2c.o
    0x08000b64   0x08000b64   0x000000d0   Code   RO          695    i.HAL_I2C_ER_IRQHandler  stm32f1xx_hal_i2c.o
    0x08000c34   0x08000c34   0x000001f0   Code   RO          696    i.HAL_I2C_EV_IRQHandler  stm32f1xx_hal_i2c.o
    0x08000e24   0x08000e24   0x00000002   Code   RO          698    i.HAL_I2C_ErrorCallback  stm32f1xx_hal_i2c.o
    0x08000e26   0x08000e26   0x00000002   PAD
    0x08000e28   0x08000e28   0x00000140   Code   RO          702    i.HAL_I2C_Init      stm32f1xx_hal_i2c.o
    0x08000f68   0x08000f68   0x00000002   Code   RO          704    i.HAL_I2C_ListenCpltCallback  stm32f1xx_hal_i2c.o
    0x08000f6a   0x08000f6a   0x00000002   Code   RO          705    i.HAL_I2C_MasterRxCpltCallback  stm32f1xx_hal_i2c.o
    0x08000f6c   0x08000f6c   0x00000002   Code   RO          706    i.HAL_I2C_MasterTxCpltCallback  stm32f1xx_hal_i2c.o
    0x08000f6e   0x08000f6e   0x00000002   Code   RO          716    i.HAL_I2C_MemRxCpltCallback  stm32f1xx_hal_i2c.o
    0x08000f70   0x08000f70   0x00000002   Code   RO          717    i.HAL_I2C_MemTxCpltCallback  stm32f1xx_hal_i2c.o
    0x08000f72   0x08000f72   0x00000002   PAD
    0x08000f74   0x08000f74   0x0000013c   Code   RO          721    i.HAL_I2C_Mem_Write  stm32f1xx_hal_i2c.o
    0x080010b0   0x080010b0   0x00000090   Code   RO          590    i.HAL_I2C_MspInit   stm32f1xx_hal_msp.o
    0x08001140   0x08001140   0x00000002   Code   RO          726    i.HAL_I2C_SlaveRxCpltCallback  stm32f1xx_hal_i2c.o
    0x08001142   0x08001142   0x00000002   Code   RO          727    i.HAL_I2C_SlaveTxCpltCallback  stm32f1xx_hal_i2c.o
    0x08001144   0x08001144   0x00000010   Code   RO         2294    i.HAL_IncTick       stm32f1xx_hal.o
    0x08001154   0x08001154   0x00000024   Code   RO         2295    i.HAL_Init          stm32f1xx_hal.o
    0x08001178   0x08001178   0x00000040   Code   RO         2296    i.HAL_InitTick      stm32f1xx_hal.o
    0x080011b8   0x080011b8   0x000000a0   Code   RO          591    i.HAL_MspInit       stm32f1xx_hal_msp.o
    0x08001258   0x08001258   0x00000016   Code   RO         2742    i.HAL_NVIC_EnableIRQ  stm32f1xx_hal_cortex.o
    0x0800126e   0x0800126e   0x00000002   PAD
    0x08001270   0x08001270   0x00000040   Code   RO         2748    i.HAL_NVIC_SetPriority  stm32f1xx_hal_cortex.o
    0x080012b0   0x080012b0   0x00000024   Code   RO         2749    i.HAL_NVIC_SetPriorityGrouping  stm32f1xx_hal_cortex.o
    0x080012d4   0x080012d4   0x0000016c   Code   RO         2442    i.HAL_RCC_ClockConfig  stm32f1xx_hal_rcc.o
    0x08001440   0x08001440   0x00000020   Code   RO         2449    i.HAL_RCC_GetPCLK1Freq  stm32f1xx_hal_rcc.o
    0x08001460   0x08001460   0x00000020   Code   RO         2450    i.HAL_RCC_GetPCLK2Freq  stm32f1xx_hal_rcc.o
    0x08001480   0x08001480   0x0000006c   Code   RO         2451    i.HAL_RCC_GetSysClockFreq  stm32f1xx_hal_rcc.o
    0x080014ec   0x080014ec   0x00000304   Code   RO         2454    i.HAL_RCC_OscConfig  stm32f1xx_hal_rcc.o
    0x080017f0   0x080017f0   0x00000028   Code   RO         2753    i.HAL_SYSTICK_Config  stm32f1xx_hal_cortex.o
    0x08001818   0x08001818   0x00000002   Code   RO         1720    i.HAL_TIMEx_BreakCallback  stm32f1xx_hal_tim_ex.o
    0x0800181a   0x0800181a   0x00000002   Code   RO         1721    i.HAL_TIMEx_CommutationCallback  stm32f1xx_hal_tim_ex.o
    0x0800181c   0x0800181c   0x00000050   Code   RO         1737    i.HAL_TIMEx_MasterConfigSynchronization  stm32f1xx_hal_tim_ex.o
    0x0800186c   0x0800186c   0x00000036   Code   RO         1091    i.HAL_TIM_Base_Init  stm32f1xx_hal_tim.o
    0x080018a2   0x080018a2   0x00000002   PAD
    0x080018a4   0x080018a4   0x0000003c   Code   RO          593    i.HAL_TIM_Base_MspInit  stm32f1xx_hal_msp.o
    0x080018e0   0x080018e0   0x000000f2   Code   RO         1100    i.HAL_TIM_ConfigClockSource  stm32f1xx_hal_tim.o
    0x080019d2   0x080019d2   0x00000002   Code   RO         1120    i.HAL_TIM_IC_CaptureCallback  stm32f1xx_hal_tim.o
    0x080019d4   0x080019d4   0x00000166   Code   RO         1133    i.HAL_TIM_IRQHandler  stm32f1xx_hal_tim.o
    0x08001b3a   0x08001b3a   0x00000002   PAD
    0x08001b3c   0x08001b3c   0x0000004c   Code   RO          594    i.HAL_TIM_MspPostInit  stm32f1xx_hal_msp.o
    0x08001b88   0x08001b88   0x00000002   Code   RO         1136    i.HAL_TIM_OC_DelayElapsedCallback  stm32f1xx_hal_tim.o
    0x08001b8a   0x08001b8a   0x000000d0   Code   RO         1157    i.HAL_TIM_PWM_ConfigChannel  stm32f1xx_hal_tim.o
    0x08001c5a   0x08001c5a   0x00000036   Code   RO         1160    i.HAL_TIM_PWM_Init  stm32f1xx_hal_tim.o
    0x08001c90   0x08001c90   0x00000002   Code   RO         1162    i.HAL_TIM_PWM_MspInit  stm32f1xx_hal_tim.o
    0x08001c92   0x08001c92   0x00000002   Code   RO         1163    i.HAL_TIM_PWM_PulseFinishedCallback  stm32f1xx_hal_tim.o
    0x08001c94   0x08001c94   0x00000030   Code   RO         1164    i.HAL_TIM_PWM_Start  stm32f1xx_hal_tim.o
    0x08001cc4   0x08001cc4   0x00000002   Code   RO         1170    i.HAL_TIM_PeriodElapsedCallback  stm32f1xx_hal_tim.o
    0x08001cc6   0x08001cc6   0x00000002   Code   RO         1174    i.HAL_TIM_TriggerCallback  stm32f1xx_hal_tim.o
    0x08001cc8   0x08001cc8   0x00000034   Code   RO          475    i.HAL_UART_ErrorCallback  stm32f1xx_it.o
    0x08001cfc   0x08001cfc   0x00000110   Code   RO         1977    i.HAL_UART_IRQHandler  stm32f1xx_hal_uart.o
    0x08001e0c   0x08001e0c   0x00000062   Code   RO         1978    i.HAL_UART_Init     stm32f1xx_hal_uart.o
    0x08001e6e   0x08001e6e   0x00000002   PAD
    0x08001e70   0x08001e70   0x00000080   Code   RO          596    i.HAL_UART_MspInit  stm32f1xx_hal_msp.o
    0x08001ef0   0x08001ef0   0x00000052   Code   RO         1983    i.HAL_UART_Receive_IT  stm32f1xx_hal_uart.o
    0x08001f42   0x08001f42   0x00000002   PAD
    0x08001f44   0x08001f44   0x000000c4   Code   RO           18    i.HAL_UART_RxCpltCallback  esp8266.o
    0x08002008   0x08002008   0x0000003e   Code   RO         1988    i.HAL_UART_Transmit_IT  stm32f1xx_hal_uart.o
    0x08002046   0x08002046   0x00000002   Code   RO         1989    i.HAL_UART_TxCpltCallback  stm32f1xx_hal_uart.o
    0x08002048   0x08002048   0x00000038   Code   RO          476    i.HardFault_Handler  stm32f1xx_it.o
    0x08002080   0x08002080   0x0000000c   Code   RO          477    i.I2C1_ER_IRQHandler  stm32f1xx_it.o
    0x0800208c   0x0800208c   0x0000000c   Code   RO          478    i.I2C1_EV_IRQHandler  stm32f1xx_it.o
    0x08002098   0x08002098   0x0000004e   Code   RO          736    i.I2C_DMAAbort      stm32f1xx_hal_i2c.o
    0x080020e6   0x080020e6   0x00000002   PAD
    0x080020e8   0x080020e8   0x00000124   Code   RO          739    i.I2C_ITError       stm32f1xx_hal_i2c.o
    0x0800220c   0x0800220c   0x00000028   Code   RO          740    i.I2C_IsAcknowledgeFailed  stm32f1xx_hal_i2c.o
    0x08002234   0x08002234   0x000000c8   Code   RO          741    i.I2C_MasterReceive_BTF  stm32f1xx_hal_i2c.o
    0x080022fc   0x080022fc   0x000000ae   Code   RO          742    i.I2C_MasterReceive_RXNE  stm32f1xx_hal_i2c.o
    0x080023aa   0x080023aa   0x00000080   Code   RO          745    i.I2C_MasterTransmit_BTF  stm32f1xx_hal_i2c.o
    0x0800242a   0x0800242a   0x00000002   PAD
    0x0800242c   0x0800242c   0x00000108   Code   RO          746    i.I2C_MasterTransmit_TXE  stm32f1xx_hal_i2c.o
    0x08002534   0x08002534   0x0000011a   Code   RO          747    i.I2C_Master_ADDR   stm32f1xx_hal_i2c.o
    0x0800264e   0x0800264e   0x0000005a   Code   RO          748    i.I2C_Master_SB     stm32f1xx_hal_i2c.o
    0x080026a8   0x080026a8   0x000000a0   Code   RO          750    i.I2C_RequestMemoryWrite  stm32f1xx_hal_i2c.o
    0x08002748   0x08002748   0x00000084   Code   RO          751    i.I2C_Slave_AF      stm32f1xx_hal_i2c.o
    0x080027cc   0x080027cc   0x000000dc   Code   RO          752    i.I2C_Slave_STOPF   stm32f1xx_hal_i2c.o
    0x080028a8   0x080028a8   0x0000004e   Code   RO          753    i.I2C_WaitOnBTFFlagUntilTimeout  stm32f1xx_hal_i2c.o
    0x080028f6   0x080028f6   0x00000060   Code   RO          754    i.I2C_WaitOnFlagUntilTimeout  stm32f1xx_hal_i2c.o
    0x08002956   0x08002956   0x00000002   PAD
    0x08002958   0x08002958   0x00000088   Code   RO          755    i.I2C_WaitOnMasterAddressFlagUntilTimeout  stm32f1xx_hal_i2c.o
    0x080029e0   0x080029e0   0x0000004e   Code   RO          757    i.I2C_WaitOnTXEFlagUntilTimeout  stm32f1xx_hal_i2c.o
    0x08002a2e   0x08002a2e   0x00000002   PAD
    0x08002a30   0x08002a30   0x00000070   Code   RO          415    i.MX_GPIO_Init      main.o
    0x08002aa0   0x08002aa0   0x00000080   Code   RO          416    i.MX_TIM4_Init      main.o
    0x08002b20   0x08002b20   0x00000004   Code   RO          479    i.MemManage_Handler  stm32f1xx_it.o
    0x08002b24   0x08002b24   0x00000024   Code   RO          480    i.NMI_Handler       stm32f1xx_it.o
    0x08002b48   0x08002b48   0x00000020   Code   RO         2755    i.NVIC_SetPriority  stm32f1xx_hal_cortex.o
    0x08002b68   0x08002b68   0x00000004   Code   RO          481    i.PendSV_Handler    stm32f1xx_it.o
    0x08002b6c   0x08002b6c   0x00000002   Code   RO          482    i.RCC_IRQHandler    stm32f1xx_it.o
    0x08002b6e   0x08002b6e   0x00000004   Code   RO          483    i.SVC_Handler       stm32f1xx_it.o
    0x08002b72   0x08002b72   0x00000002   PAD
    0x08002b74   0x08002b74   0x00000050   Code   RO           19    i.Send_ESP          esp8266.o
    0x08002bc4   0x08002bc4   0x0000006c   Code   RO           20    i.Send_ESP_Conc     esp8266.o
    0x08002c30   0x08002c30   0x0000007c   Code   RO           21    i.Send_ESP_Connect  esp8266.o
    0x08002cac   0x08002cac   0x00000004   Code   RO          484    i.SysTick_Handler   stm32f1xx_it.o
    0x08002cb0   0x08002cb0   0x00000042   Code   RO          417    i.SystemClock_Config  main.o
    0x08002cf2   0x08002cf2   0x00000002   PAD
    0x08002cf4   0x08002cf4   0x00000048   Code   RO         3171    i.SystemInit        system_stm32f1xx.o
    0x08002d3c   0x08002d3c   0x0000000c   Code   RO          485    i.TIM4_IRQHandler   stm32f1xx_it.o
    0x08002d48   0x08002d48   0x0000006c   Code   RO         1175    i.TIM_Base_SetConfig  stm32f1xx_hal_tim.o
    0x08002db4   0x08002db4   0x00000016   Code   RO         1176    i.TIM_CCxChannelCmd  stm32f1xx_hal_tim.o
    0x08002dca   0x08002dca   0x00000014   Code   RO         1182    i.TIM_ETR_SetConfig  stm32f1xx_hal_tim.o
    0x08002dde   0x08002dde   0x00000010   Code   RO         1183    i.TIM_ITRx_SetConfig  stm32f1xx_hal_tim.o
    0x08002dee   0x08002dee   0x00000002   PAD
    0x08002df0   0x08002df0   0x00000050   Code   RO         1184    i.TIM_OC1_SetConfig  stm32f1xx_hal_tim.o
    0x08002e40   0x08002e40   0x00000058   Code   RO         1185    i.TIM_OC2_SetConfig  stm32f1xx_hal_tim.o
    0x08002e98   0x08002e98   0x00000058   Code   RO         1186    i.TIM_OC3_SetConfig  stm32f1xx_hal_tim.o
    0x08002ef0   0x08002ef0   0x00000044   Code   RO         1187    i.TIM_OC4_SetConfig  stm32f1xx_hal_tim.o
    0x08002f34   0x08002f34   0x00000022   Code   RO         1189    i.TIM_TI1_ConfigInputStage  stm32f1xx_hal_tim.o
    0x08002f56   0x08002f56   0x00000024   Code   RO         1191    i.TIM_TI2_ConfigInputStage  stm32f1xx_hal_tim.o
    0x08002f7a   0x08002f7a   0x00000010   Code   RO         1991    i.UART_DMAAbortOnError  stm32f1xx_hal_uart.o
    0x08002f8a   0x08002f8a   0x0000001c   Code   RO         2001    i.UART_EndRxTransfer  stm32f1xx_hal_uart.o
    0x08002fa6   0x08002fa6   0x00000096   Code   RO         2003    i.UART_Receive_IT   stm32f1xx_hal_uart.o
    0x0800303c   0x0800303c   0x00000170   Code   RO         2004    i.UART_SetConfig    stm32f1xx_hal_uart.o
    0x080031ac   0x080031ac   0x00000062   Code   RO         2005    i.UART_Transmit_IT  stm32f1xx_hal_uart.o
    0x0800320e   0x0800320e   0x00000002   PAD
    0x08003210   0x08003210   0x0000000c   Code   RO          486    i.USART1_IRQHandler  stm32f1xx_it.o
    0x0800321c   0x0800321c   0x00000004   Code   RO          487    i.UsageFault_Handler  stm32f1xx_it.o
    0x08003220   0x08003220   0x00000028   Code   RO         3277    i.__0sprintf$1      mc_w.l(printf1.o)
    0x08003248   0x08003248   0x0000000e   Code   RO         3535    i.__scatterload_copy  mc_w.l(handlers.o)
    0x08003256   0x08003256   0x00000002   Code   RO         3536    i.__scatterload_null  mc_w.l(handlers.o)
    0x08003258   0x08003258   0x0000000e   Code   RO         3537    i.__scatterload_zeroinit  mc_w.l(handlers.o)
    0x08003266   0x08003266   0x00000002   PAD
    0x08003268   0x08003268   0x00000154   Code   RO         3282    i._printf_core      mc_w.l(printf1.o)
    0x080033bc   0x080033bc   0x0000000a   Code   RO         3284    i._sputc            mc_w.l(printf1.o)
    0x080033c6   0x080033c6   0x00000002   PAD
    0x080033c8   0x080033c8   0x0000001c   Code   RO           22    i.clear_rcvbuffer   esp8266.o
    0x080033e4   0x080033e4   0x00000010   Code   RO          378    i.closeCover        servo.o
    0x080033f4   0x080033f4   0x00000012   Code   RO          379    i.initServo         servo.o
    0x08003406   0x08003406   0x00000002   PAD
    0x08003408   0x08003408   0x00000084   Code   RO          418    i.main              main.o
    0x0800348c   0x0800348c   0x00000012   Code   RO          380    i.openCover         servo.o
    0x0800349e   0x0800349e   0x00000002   PAD
    0x080034a0   0x080034a0   0x000000c4   Code   RO          310    i.send_connected_lcd  write_lcd_func.o
    0x08003564   0x08003564   0x00000198   Code   RO          311    i.send_intro_lcd    write_lcd_func.o
    0x080036fc   0x080036fc   0x000000c4   Code   RO          312    i.send_not_connected_lcd  write_lcd_func.o
    0x080037c0   0x080037c0   0x00000078   Code   RO          313    i.send_payment_successful  write_lcd_func.o
    0x08003838   0x08003838   0x00000078   Code   RO          314    i.send_payment_unsuccessful  write_lcd_func.o
    0x080038b0   0x080038b0   0x000000cc   Code   RO          315    i.send_ready_lcd    write_lcd_func.o
    0x0800397c   0x0800397c   0x0000009c   Code   RO          316    i.send_wifi_disconnected  write_lcd_func.o
    0x08003a18   0x08003a18   0x00000040   Code   RO          208    i.ssd1306_DrawPixel  ssd1306.o
    0x08003a58   0x08003a58   0x00000020   Code   RO          209    i.ssd1306_Fill      ssd1306.o
    0x08003a78   0x08003a78   0x000000cc   Code   RO          210    i.ssd1306_Init      ssd1306.o
    0x08003b44   0x08003b44   0x0000000c   Code   RO          212    i.ssd1306_SetCursor  ssd1306.o
    0x08003b50   0x08003b50   0x00000038   Code   RO          213    i.ssd1306_UpdateScreen  ssd1306.o
    0x08003b88   0x08003b88   0x0000009c   Code   RO          214    i.ssd1306_WriteChar  ssd1306.o
    0x08003c24   0x08003c24   0x00000024   Code   RO          215    i.ssd1306_WriteCommand  ssd1306.o
    0x08003c48   0x08003c48   0x00000020   Code   RO          216    i.ssd1306_WriteData  ssd1306.o
    0x08003c68   0x08003c68   0x0000002c   Code   RO          217    i.ssd1306_WriteString  ssd1306.o
    0x08003c94   0x08003c94   0x0000076c   Data   RO          290    .constdata          ssd1306_fonts.o
    0x08004400   0x08004400   0x00000010   Data   RO         3172    .constdata          system_stm32f1xx.o
    0x08004410   0x08004410   0x00000008   Data   RO         3173    .constdata          system_stm32f1xx.o
    0x08004418   0x08004418   0x00000749   Data   RO           25    .conststring        esp8266.o
    0x08004b61   0x08004b61   0x00000003   PAD
    0x08004b64   0x08004b64   0x00000020   Data   RO         3533    Region$$Table       anon$$obj.o


    Execution Region RW_IRAM1 (Exec base: 0x20000000, Load base: 0x08004b84, Size: 0x00001008, Max: 0x00005000, ABSOLUTE)

    Exec Addr    Load Addr    Size         Type   Attr      Idx    E Section Name        Object

    0x20000000   0x08004b84   0x00000060   Data   RW           26    .data               esp8266.o
    0x20000060   0x08004be4   0x00000006   Data   RW          219    .data               ssd1306.o
    0x20000066   0x08004bea   0x00000002   PAD
    0x20000068   0x08004bec   0x00000008   Data   RW          293    .data               ssd1306_fonts.o
    0x20000070   0x08004bf4   0x0000000c   Data   RW         2302    .data               stm32f1xx_hal.o
    0x2000007c   0x08004c00   0x00000004   Data   RW         3174    .data               system_stm32f1xx.o
    0x20000080   0x08004c04   0x00000004   Data   RW         3223    .data               mc_w.l(strtok.o)
    0x20000084        -       0x0000066c   Zero   RW           23    .bss                esp8266.o
    0x200006f0        -       0x00000400   Zero   RW          218    .bss                ssd1306.o
    0x20000af0        -       0x00000064   Zero   RW          317    .bss                write_lcd_func.o
    0x20000b54        -       0x00000094   Zero   RW          419    .bss                main.o
    0x20000be8        -       0x00000020   Zero   RW         2996    .bss                stm32f1xx_hal_flash.o
    0x20000c08        -       0x00000400   Zero   RW            1    STACK               startup_stm32f103xb.o


==============================================================================

Image component sizes


      Code (inc. data)   RO Data    RW Data    ZI Data      Debug   Object Name

      1748        506       1865         96       1644     475356   esp8266.o
       438         46          0          0        148       2990   main.o
        52          0          0          0          0       1289   servo.o
       636         44          0          6       1024       5568   ssd1306.o
         0          0       1900          8          0       1006   ssd1306_fonts.o
        36          8        236          0       1024        776   startup_stm32f103xb.o
       164         28          0         12          0       5673   stm32f1xx_hal.o
       194         14          0          0          0      25579   stm32f1xx_hal_cortex.o
       152          4          0          0          0       1047   stm32f1xx_hal_dma.o
       388         24          0          0         32       3494   stm32f1xx_hal_flash.o
        36          8          0          0          0       1781   stm32f1xx_hal_flash_ex.o
       454         36          0          0          0       2800   stm32f1xx_hal_gpio.o
      3808         72          0          0          0      24625   stm32f1xx_hal_i2c.o
       568         62          0          0          0       3348   stm32f1xx_hal_msp.o
      1308         98          0          0          0       5052   stm32f1xx_hal_rcc.o
      1536         40          0          0          0      14764   stm32f1xx_hal_tim.o
        84          0          0          0          0       2218   stm32f1xx_hal_tim_ex.o
      1176         10          0          0          0       7229   stm32f1xx_hal_uart.o
       226         78          0          0          0       6822   stm32f1xx_it.o
        72         16         24          4          0       1075   system_stm32f1xx.o
      1400        510          0          0        100       4255   write_lcd_func.o

    ----------------------------------------------------------------------
     14516       1604       4060        128       3972     596747   Object Totals
         0          0         32          0          0          0   (incl. Generated)
        40          0          3          2          0          0   (incl. Padding)

    ----------------------------------------------------------------------

      Code (inc. data)   RO Data    RW Data    ZI Data      Debug   Library Member Name

         0          0          0          0          0          0   entry.o
         0          0          0          0          0          0   entry10a.o
         0          0          0          0          0          0   entry11a.o
         8          4          0          0          0          0   entry2.o
         4          0          0          0          0          0   entry5.o
         0          0          0          0          0          0   entry7b.o
         0          0          0          0          0          0   entry8b.o
         8          4          0          0          0          0   entry9a.o
        30          0          0          0          0          0   handlers.o
        36          8          0          0          0         68   init.o
        36          0          0          0          0         68   memcpya.o
        36          0          0          0          0        108   memseta.o
       390         10          0          0          0        252   printf1.o
        24          0          0          0          0         68   strcat.o
        18          0          0          0          0         68   strcpy.o
        14          0          0          0          0         68   strlen.o
        36          0          0          0          0         80   strstr.o
        68          6          0          4          0         80   strtok.o
        44          0          0          0          0         80   uidiv.o

    ----------------------------------------------------------------------
       756         32          0          4          0        940   Library Totals
         4          0          0          0          0          0   (incl. Padding)

    ----------------------------------------------------------------------

      Code (inc. data)   RO Data    RW Data    ZI Data      Debug   Library Name

       752         32          0          4          0        940   mc_w.l

    ----------------------------------------------------------------------
       756         32          0          4          0        940   Library Totals

    ----------------------------------------------------------------------

==============================================================================


      Code (inc. data)   RO Data    RW Data    ZI Data      Debug   

     15272       1636       4060        132       3972     590091   Grand Totals
     15272       1636       4060        132       3972     590091   ELF Image Totals
     15272       1636       4060        132          0          0   ROM Totals

==============================================================================

    Total RO  Size (Code + RO Data)                19332 (  18.88kB)
    Total RW  Size (RW Data + ZI Data)              4104 (   4.01kB)
    Total ROM Size (Code + RO Data + RW Data)      19464 (  19.01kB)

==============================================================================

